Archive member included to satisfy reference by file (symbol)

C:/nxp/MCUXpressoIDE_11.10.0_3148/ide/plugins/com.nxp.mcuxpresso.tools.win32_11.10.0.202311280810/tools/bin/../lib/gcc/arm-none-eabi/13.2.1/../../../../arm-none-eabi/lib/thumb/v8-m.main/nofp\libcr_semihost_nf.a(_cr__main.o)
                              ./startup/startup_lpc55s69_cm33_core0.o (__main)
C:/nxp/MCUXpressoIDE_11.10.0_3148/ide/plugins/com.nxp.mcuxpresso.tools.win32_11.10.0.202311280810/tools/bin/../lib/gcc/arm-none-eabi/13.2.1/../../../../arm-none-eabi/lib/thumb/v8-m.main/nofp\libcr_c.a(memcpy.o)
                              ./utilities/fsl_str.o (memcpy)
C:/nxp/MCUXpressoIDE_11.10.0_3148/ide/plugins/com.nxp.mcuxpresso.tools.win32_11.10.0.202311280810/tools/bin/../lib/gcc/arm-none-eabi/13.2.1/../../../../arm-none-eabi/lib/thumb/v8-m.main/nofp\libcr_c.a(memset.o)
                              ./drivers/fsl_clock.o (memset)
C:/nxp/MCUXpressoIDE_11.10.0_3148/ide/plugins/com.nxp.mcuxpresso.tools.win32_11.10.0.202311280810/tools/bin/../lib/gcc/arm-none-eabi/13.2.1/../../../../arm-none-eabi/lib/thumb/v8-m.main/nofp\libcr_c.a(alloc.o)
                              ./drivers/fsl_common.o (malloc)
C:/nxp/MCUXpressoIDE_11.10.0_3148/ide/plugins/com.nxp.mcuxpresso.tools.win32_11.10.0.202311280810/tools/bin/../lib/gcc/arm-none-eabi/13.2.1/../../../../arm-none-eabi/lib/thumb/v8-m.main/nofp\libcr_c.a(errno.o)
                              ./utilities/fsl_str.o (errno)
C:/nxp/MCUXpressoIDE_11.10.0_3148/ide/plugins/com.nxp.mcuxpresso.tools.win32_11.10.0.202311280810/tools/bin/../lib/gcc/arm-none-eabi/13.2.1/../../../../arm-none-eabi/lib/thumb/v8-m.main/nofp\libcr_c.a(initio.o)
                              C:/nxp/MCUXpressoIDE_11.10.0_3148/ide/plugins/com.nxp.mcuxpresso.tools.win32_11.10.0.202311280810/tools/bin/../lib/gcc/arm-none-eabi/13.2.1/../../../../arm-none-eabi/lib/thumb/v8-m.main/nofp\libcr_semihost_nf.a(_cr__main.o) (_initio)
C:/nxp/MCUXpressoIDE_11.10.0_3148/ide/plugins/com.nxp.mcuxpresso.tools.win32_11.10.0.202311280810/tools/bin/../lib/gcc/arm-none-eabi/13.2.1/../../../../arm-none-eabi/lib/thumb/v8-m.main/nofp\libcr_c.a(printf.o)
                              ./utilities/fsl_assert.o (_printf)
C:/nxp/MCUXpressoIDE_11.10.0_3148/ide/plugins/com.nxp.mcuxpresso.tools.win32_11.10.0.202311280810/tools/bin/../lib/gcc/arm-none-eabi/13.2.1/../../../../arm-none-eabi/lib/thumb/v8-m.main/nofp\libcr_c.a(scanf.o)
                              ./utilities/fsl_str.o (strtoul)
C:/nxp/MCUXpressoIDE_11.10.0_3148/ide/plugins/com.nxp.mcuxpresso.tools.win32_11.10.0.202311280810/tools/bin/../lib/gcc/arm-none-eabi/13.2.1/../../../../arm-none-eabi/lib/thumb/v8-m.main/nofp\libcr_c.a(setvbuf.o)
                              C:/nxp/MCUXpressoIDE_11.10.0_3148/ide/plugins/com.nxp.mcuxpresso.tools.win32_11.10.0.202311280810/tools/bin/../lib/gcc/arm-none-eabi/13.2.1/../../../../arm-none-eabi/lib/thumb/v8-m.main/nofp\libcr_c.a(initio.o) (setvbuf)
C:/nxp/MCUXpressoIDE_11.10.0_3148/ide/plugins/com.nxp.mcuxpresso.tools.win32_11.10.0.202311280810/tools/bin/../lib/gcc/arm-none-eabi/13.2.1/../../../../arm-none-eabi/lib/thumb/v8-m.main/nofp\libcr_c.a(strlen.o)
                              ./utilities/fsl_str.o (strlen)
C:/nxp/MCUXpressoIDE_11.10.0_3148/ide/plugins/com.nxp.mcuxpresso.tools.win32_11.10.0.202311280810/tools/bin/../lib/gcc/arm-none-eabi/13.2.1/../../../../arm-none-eabi/lib/thumb/v8-m.main/nofp\libcr_c.a(ungetc.o)
                              C:/nxp/MCUXpressoIDE_11.10.0_3148/ide/plugins/com.nxp.mcuxpresso.tools.win32_11.10.0.202311280810/tools/bin/../lib/gcc/arm-none-eabi/13.2.1/../../../../arm-none-eabi/lib/thumb/v8-m.main/nofp\libcr_c.a(scanf.o) (ungetc)
C:/nxp/MCUXpressoIDE_11.10.0_3148/ide/plugins/com.nxp.mcuxpresso.tools.win32_11.10.0.202311280810/tools/bin/../lib/gcc/arm-none-eabi/13.2.1/../../../../arm-none-eabi/lib/thumb/v8-m.main/nofp\libcr_c.a(__fillbuf.o)
                              C:/nxp/MCUXpressoIDE_11.10.0_3148/ide/plugins/com.nxp.mcuxpresso.tools.win32_11.10.0.202311280810/tools/bin/../lib/gcc/arm-none-eabi/13.2.1/../../../../arm-none-eabi/lib/thumb/v8-m.main/nofp\libcr_c.a(scanf.o) (__filbuf)
C:/nxp/MCUXpressoIDE_11.10.0_3148/ide/plugins/com.nxp.mcuxpresso.tools.win32_11.10.0.202311280810/tools/bin/../lib/gcc/arm-none-eabi/13.2.1/../../../../arm-none-eabi/lib/thumb/v8-m.main/nofp\libcr_c.a(__init_alloc.o)
                              C:/nxp/MCUXpressoIDE_11.10.0_3148/ide/plugins/com.nxp.mcuxpresso.tools.win32_11.10.0.202311280810/tools/bin/../lib/gcc/arm-none-eabi/13.2.1/../../../../arm-none-eabi/lib/thumb/v8-m.main/nofp\libcr_c.a(alloc.o) (__heaps)
C:/nxp/MCUXpressoIDE_11.10.0_3148/ide/plugins/com.nxp.mcuxpresso.tools.win32_11.10.0.202311280810/tools/bin/../lib/gcc/arm-none-eabi/13.2.1/../../../../arm-none-eabi/lib/thumb/v8-m.main/nofp\libcr_c.a(_cr_sbrk.o)
[...]
Memory Configuration

Name             Origin             Length             Attributes
PROGRAM_FLASH    0x00000000         0x0009d800         xr
SRAM             0x20000000         0x00040000         xrw
SRAMX            0x04000000         0x00008000         xrw
USB_RAM          0x40100000         0x00004000         xrw
SRAM4            0x20040000         0x00004000         xrw
*default*        0x00000000         0xffffffff

Linker script and memory map

LOAD ./utilities/fsl_assert.o
LOAD ./utilities/fsl_debug_console.o
LOAD ./utilities/fsl_str.o
LOAD ./startup/boot_multicore_slave.o
LOAD ./startup/startup_lpc55s69_cm33_core0.o
LOAD ./source/postlab3_1.o
LOAD ./source/semihost_hardfault.o
LOAD ./drivers/fsl_clock.o
LOAD ./drivers/fsl_common.o
LOAD ./drivers/fsl_common_arm.o
LOAD ./drivers/fsl_flexcomm.o
LOAD ./drivers/fsl_gpio.o
LOAD ./drivers/fsl_i2c.o
LOAD ./drivers/fsl_inputmux.o
LOAD ./drivers/fsl_pint.o
LOAD ./drivers/fsl_power.o
LOAD ./drivers/fsl_reset.o
LOAD ./drivers/fsl_usart.o
LOAD ./device/system_LPC55S69_cm33_core0.o
LOAD ./component/uart/fsl_adapter_usart.o
LOAD ./component/serial_manager/fsl_component_serial_manager.o
LOAD ./component/serial_manager/fsl_component_serial_port_uart.o
LOAD ./component/lists/fsl_component_generic_list.o
LOAD ./board/board.o
LOAD ./board/clock_config.o
LOAD ./board/peripherals.o
LOAD ./board/pin_mux.o
START GROUP
LOAD C:/nxp/MCUXpressoIDE_11.10.0_3148/ide/plugins/com.nxp.mcuxpresso.tools.win32_11.10.0.202311280810/tools/bin/../lib/gcc/arm-none-eabi/13.2.1/../../../../arm-none-eabi/lib/thumb/v8-m.main/nofp\libcr_semihost_nf.a
LOAD C:/nxp/MCUXpressoIDE_11.10.0_3148/ide/plugins/com.nxp.mcuxpresso.tools.win32_11.10.0.202311280810/tools/bin/../lib/gcc/arm-none-eabi/13.2.1/../../../../arm-none-eabi/lib/thumb/v8-m.main/nofp\libcr_c.a
LOAD C:/nxp/MCUXpressoIDE_11.10.0_3148/ide/plugins/com.nxp.mcuxpresso.tools.win32_11.10.0.202311280810/tools/bin/../lib/gcc/arm-none-eabi/13.2.1/thumb/v8-m.main/nofp\libcr_eabihelpers.a
LOAD C:/nxp/MCUXpressoIDE_11.10.0_3148/ide/plugins/com.nxp.mcuxpresso.tools.win32_11.10.0.202311280810/tools/bin/../lib/gcc/arm-none-eabi/13.2.1/thumb/v8-m.main/nofp\libgcc.a
END GROUP
                0x00000000                        __base_PROGRAM_FLASH = 0x0
                0x00000000                        __base_Flash = 0x0
                0x0009d800                        __top_PROGRAM_FLASH = 0x9d800
                0x0009d800                        __top_Flash = 0x9d800
                0x20000000                        __base_SRAM = 0x20000000
                0x20000000                        __base_RAM = 0x20000000
                0x20040000                        __top_SRAM = 0x20040000
                0x20040000                        __top_RAM = 0x20040000
                0x04000000                        __base_SRAMX = 0x4000000
                0x04000000                        __base_RAM2 = 0x4000000
                0x04008000                        __top_SRAMX = 0x4008000
                0x04008000                        __top_RAM2 = 0x4008000
                0x40100000                        __base_USB_RAM = 0x40100000
                0x40100000                        __base_RAM3 = 0x40100000
                0x40104000                        __top_USB_RAM = 0x40104000
                0x40104000                        __top_RAM3 = 0x40104000
                0x20040000                        __base_SRAM4 = 0x20040000
                0x20040000                        __base_RAM4 = 0x20040000
                0x20044000                        __top_SRAM4 = 0x20044000
                0x20044000                        __top_RAM4 = 0x20044000

.text           0x00000000     0x3768
 FILL mask 0xff
                0x00000000                        __vectors_start__ = ABSOLUTE (.)
 *(SORT_BY_ALIGNMENT(.isr_vector))
 .isr_vector    0x00000000      0x130 ./startup/startup_lpc55s69_cm33_core0.o
                0x00000000                g_pfnVectors
                0x00000000                __Vectors
                0x00000130                        . = ALIGN (0x4)
                0x00000130                        __section_table_start = .
                0x00000130                        __data_section_table = .
                0x00000130        0x4 LONG 0x3768 LOADADDR (.data)
                0x00000134        0x4 LONG 0x20000000 ADDR (.data)
                0x00000138        0x4 LONG 0x8 SIZEOF (.data)
                0x0000013c        0x4 LONG 0x3768 LOADADDR (.data_RAM2)
                0x00000140        0x4 LONG 0x4000000 ADDR (.data_RAM2)
                0x00000144        0x4 LONG 0x0 SIZEOF (.data_RAM2)
                0x00000148        0x4 LONG 0x3768 LOADADDR (.data_RAM3)
                0x0000014c        0x4 LONG 0x40100000 ADDR (.data_RAM3)
                0x00000150        0x4 LONG 0x0 SIZEOF (.data_RAM3)
                0x00000154        0x4 LONG 0x3768 LOADADDR (.data_RAM4)
                0x00000158        0x4 LONG 0x20040000 ADDR (.data_RAM4)
                0x0000015c        0x4 LONG 0x0 SIZEOF (.data_RAM4)
                0x00000160                        __data_section_table_end = .
                0x00000160                        __bss_section_table = .
                0x00000160        0x4 LONG 0x20000008 ADDR (.bss)
                0x00000164        0x4 LONG 0x134 SIZEOF (.bss)
                0x00000168        0x4 LONG 0x4000000 ADDR (.bss_RAM2)
                0x0000016c        0x4 LONG 0x0 SIZEOF (.bss_RAM2)
                0x00000170        0x4 LONG 0x40100000 ADDR (.bss_RAM3)
                0x00000174        0x4 LONG 0x0 SIZEOF (.bss_RAM3)
                0x00000178        0x4 LONG 0x20040000 ADDR (.bss_RAM4)
                0x0000017c        0x4 LONG 0x0 SIZEOF (.bss_RAM4)
                0x00000180                        __bss_section_table_end = .
                0x00000180                        __section_table_end = .
 *(SORT_BY_ALIGNMENT(.after_vectors*))
 .after_vectors.reset
                0x00000180       0x68 ./startup/startup_lpc55s69_cm33_core0.o
                0x00000180                ResetISR
 .after_vectors.init_data
                0x000001e8       0x1c ./startup/startup_lpc55s69_cm33_core0.o
                0x000001e8                data_init
 .after_vectors.init_bss
                0x00000204       0x12 ./startup/startup_lpc55s69_cm33_core0.o
                0x00000204                bss_init
 .after_vectors
                0x00000216       0x16 ./startup/startup_lpc55s69_cm33_core0.o
                0x00000216                NMI_Handler
                0x0000021a                MemManage_Handler
                0x0000021c                BusFault_Handler
                0x0000021e                UsageFault_Handler
                0x00000220                SecureFault_Handler
                0x00000222                SVC_Handler
                0x00000224                DebugMon_Handler
                0x00000226                PendSV_Handler
                0x00000228                SysTick_Handler
                0x0000022a                CTIMER2_DriverIRQHandler
                0x0000022a                Reserved56_DriverIRQHandler
                0x0000022a                IntDefaultHandler
                0x0000022a                USB0_DriverIRQHandler
                0x0000022a                CASER_DriverIRQHandler
                0x0000022a                MRT0_DriverIRQHandler
                0x0000022a                UTICK0_DriverIRQHandler
                0x0000022a                Reserved41_DriverIRQHandler
                0x0000022a                CTIMER4_DriverIRQHandler
                0x0000022a                GINT1_DriverIRQHandler
                0x0000022a                Reserved55_DriverIRQHandler
                0x0000022a                HASHCRYPT_DriverIRQHandler
                0x0000022a                USB0_NEEDCLK_DriverIRQHandler
                0x0000022a                SEC_VIO_DriverIRQHandler
                0x0000022a                CTIMER1_DriverIRQHandler
                0x0000022a                Reserved42_DriverIRQHandler
                0x0000022a                PQ_DriverIRQHandler
                0x0000022a                MAILBOX_DriverIRQHandler
                0x0000022a                CTIMER3_DriverIRQHandler
                0x0000022a                Reserved61_DriverIRQHandler
                0x0000022a                PUF_DriverIRQHandler
                0x0000022a                RTC_DriverIRQHandler
                0x0000022a                DMA0_DriverIRQHandler
                0x0000022a                Reserved39_DriverIRQHandler
                0x0000022a                USB1_DriverIRQHandler
                0x0000022a                Reserved60_DriverIRQHandler
                0x0000022a                DMA1_DriverIRQHandler
                0x0000022a                ADC0_DriverIRQHandler
                0x0000022a                USB1_NEEDCLK_DriverIRQHandler
                0x0000022a                Reserved59_DriverIRQHandler
                0x0000022a                SDIO_DriverIRQHandler
                0x0000022a                GINT0_DriverIRQHandler
                0x0000022a                USB1_PHY_DriverIRQHandler
                0x0000022a                ACMP_DriverIRQHandler
                0x0000022a                Reserved57_DriverIRQHandler
                0x0000022a                CTIMER0_DriverIRQHandler
                0x0000022a                Reserved46_DriverIRQHandler
                0x0000022a                WDT_BOD_DriverIRQHandler
                0x0000022a                SCT0_DriverIRQHandler
                0x0000022a                PLU_DriverIRQHandler
                0x0000022a                OS_EVENT_DriverIRQHandler
                0x0000022a                SEC_HYPERVISOR_CALL_DriverIRQHandler
 *(SORT_BY_ALIGNMENT(.text*))
 .text.__assertion_failed
                0x0000022c       0x2c ./utilities/fsl_assert.o
                0x0000022c                __assertion_failed
 .text.cbPint   0x00000258       0x20 ./source/postlab3_1.o
                0x00000258                cbPint
 .text.main     0x00000278       0x48 ./source/postlab3_1.o
                0x00000278                main
 .text.POWER_EnablePD
                0x000002c0       0x20 ./drivers/fsl_clock.o
 .text.POWER_DisablePD
                0x000002e0       0x20 ./drivers/fsl_clock.o
 .text.CLOCK_AttachClk
                0x00000300       0x9c ./drivers/fsl_clock.o
                0x00000300                CLOCK_AttachClk
 .text.CLOCK_SetClkDiv
                0x0000039c       0x7c ./drivers/fsl_clock.o
                0x0000039c                CLOCK_SetClkDiv
 .text.CLOCK_SetupFROClocking
                0x00000418       0x80 ./drivers/fsl_clock.o
                0x00000418                CLOCK_SetupFROClocking
 .text.CLOCK_SetFLASHAccessCyclesForFreq
                0x00000498      0x17c ./drivers/fsl_clock.o
                0x00000498                CLOCK_SetFLASHAccessCyclesForFreq
 .text.CLOCK_SetupExtClocking
                0x00000614       0x64 ./drivers/fsl_clock.o
                0x00000614                CLOCK_SetupExtClocking
 .text.CLOCK_GetFro1MFreq
                0x00000678       0x28 ./drivers/fsl_clock.o
                0x00000678                CLOCK_GetFro1MFreq
 .text.CLOCK_GetExtClkFreq
                0x000006a0       0x28 ./drivers/fsl_clock.o
                0x000006a0                CLOCK_GetExtClkFreq
 .text.CLOCK_GetOsc32KFreq
                0x000006c8       0x58 ./drivers/fsl_clock.o
                0x000006c8                CLOCK_GetOsc32KFreq
 .text.CLOCK_GetPLL0InClockRate
                0x00000720       0x64 ./drivers/fsl_clock.o
                0x00000720                CLOCK_GetPLL0InClockRate
 .text.CLOCK_SetPLL0Freq
                0x00000784      0x14c ./drivers/fsl_clock.o
                0x00000784                CLOCK_SetPLL0Freq
 .text.SDK_DelayAtLeastUs
                0x000008d0       0x8c ./drivers/fsl_common_arm.o
                0x000008d0                SDK_DelayAtLeastUs
 .text.FLEXCOMM_GetInstance
                0x0000095c       0x4c ./drivers/fsl_flexcomm.o
                0x0000095c                FLEXCOMM_GetInstance
 .text.FLEXCOMM0_DriverIRQHandler
                0x000009a8       0x5c ./drivers/fsl_flexcomm.o
                0x000009a8                FLEXCOMM0_DriverIRQHandler
 .text.FLEXCOMM1_DriverIRQHandler
                0x00000a04       0x5c ./drivers/fsl_flexcomm.o
                0x00000a04                FLEXCOMM1_DriverIRQHandler
 .text.FLEXCOMM2_DriverIRQHandler
                0x00000a60       0x5c ./drivers/fsl_flexcomm.o
                0x00000a60                FLEXCOMM2_DriverIRQHandler
 .text.FLEXCOMM3_DriverIRQHandler
                0x00000abc       0x5c ./drivers/fsl_flexcomm.o
                0x00000abc                FLEXCOMM3_DriverIRQHandler
 .text.FLEXCOMM4_DriverIRQHandler
                0x00000b18       0x5c ./drivers/fsl_flexcomm.o
                0x00000b18                FLEXCOMM4_DriverIRQHandler
 .text.FLEXCOMM5_DriverIRQHandler
                0x00000b74       0x5c ./drivers/fsl_flexcomm.o
                0x00000b74                FLEXCOMM5_DriverIRQHandler
 .text.FLEXCOMM6_DriverIRQHandler
                0x00000bd0       0x5c ./drivers/fsl_flexcomm.o
                0x00000bd0                FLEXCOMM6_DriverIRQHandler
 .text.FLEXCOMM7_DriverIRQHandler
                0x00000c2c       0x5c ./drivers/fsl_flexcomm.o
                0x00000c2c                FLEXCOMM7_DriverIRQHandler
 .text.FLEXCOMM8_DriverIRQHandler
                0x00000c88       0x5c ./drivers/fsl_flexcomm.o
                0x00000c88                FLEXCOMM8_DriverIRQHandler
 .text.__NVIC_EnableIRQ
                0x00000ce4       0x38 ./drivers/fsl_pint.o
 .text.__NVIC_ClearPendingIRQ
                0x00000d1c       0x3c ./drivers/fsl_pint.o
 .text.PINT_GetInstance
                0x00000d58       0x4c ./drivers/fsl_pint.o
 .text.PINT_Init
                0x00000da4       0xd8 ./drivers/fsl_pint.o
                0x00000da4                PINT_Init
 .text.PINT_PinInterruptConfig
                0x00000e7c       0xd8 ./drivers/fsl_pint.o
                0x00000e7c                PINT_PinInterruptConfig
 .text.PINT_EnableCallbackByIndex
                0x00000f54       0x64 ./drivers/fsl_pint.o
                0x00000f54                PINT_EnableCallbackByIndex
 .text.SEC_GPIO_INT0_IRQ0_DriverIRQHandler
                0x00000fb8       0x64 ./drivers/fsl_pint.o
                0x00000fb8                SEC_GPIO_INT0_IRQ0_DriverIRQHandler
 .text.SEC_GPIO_INT0_IRQ1_DriverIRQHandler
                0x0000101c       0x60 ./drivers/fsl_pint.o
                0x0000101c                SEC_GPIO_INT0_IRQ1_DriverIRQHandler
 .text.PIN_INT0_DriverIRQHandler
                0x0000107c       0x4c ./drivers/fsl_pint.o
                0x0000107c                PIN_INT0_DriverIRQHandler
 .text.PIN_INT1_DriverIRQHandler
                0x000010c8       0x4c ./drivers/fsl_pint.o
                0x000010c8                PIN_INT1_DriverIRQHandler
 .text.PIN_INT2_DriverIRQHandler
                0x00001114       0x4c ./drivers/fsl_pint.o
                0x00001114                PIN_INT2_DriverIRQHandler
 .text.PIN_INT3_DriverIRQHandler
                0x00001160       0x4c ./drivers/fsl_pint.o
                0x00001160                PIN_INT3_DriverIRQHandler
 .text.PIN_INT4_DriverIRQHandler
                0x000011ac       0x4c ./drivers/fsl_pint.o
                0x000011ac                PIN_INT4_DriverIRQHandler
 .text.PIN_INT5_DriverIRQHandler
                0x000011f8       0x4c ./drivers/fsl_pint.o
                0x000011f8                PIN_INT5_DriverIRQHandler
 .text.PIN_INT6_DriverIRQHandler
                0x00001244       0x4c ./drivers/fsl_pint.o
                0x00001244                PIN_INT6_DriverIRQHandler
 .text.PIN_INT7_DriverIRQHandler
                0x00001290       0x4c ./drivers/fsl_pint.o
                0x00001290                PIN_INT7_DriverIRQHandler
 .text.lowpower_set_system_voltage
                0x000012dc      0x150 ./drivers/fsl_power.o
 .text.lowpower_set_dcdc_power_profile
                0x0000142c       0xec ./drivers/fsl_power.o
 .text.lowpower_get_part_process_corner
                0x00001518       0x90 ./drivers/fsl_power.o
 .text.POWER_SetVoltageForFreq
                0x000015a8       0x50 ./drivers/fsl_power.o
                0x000015a8                POWER_SetVoltageForFreq
 .text.RESET_ClearPeripheralReset
                0x000015f8       0x60 ./drivers/fsl_reset.o
                0x000015f8                RESET_ClearPeripheralReset
 .text.SystemInit
                0x00001658       0x54 ./device/system_LPC55S69_cm33_core0.o
                0x00001658                SystemInit
 .text.BOARD_InitDebugConsole
                0x000016ac       0x38 ./board/board.o
                0x000016ac                BOARD_InitDebugConsole
 .text.POWER_DisablePD
                0x000016e4       0x20 ./board/clock_config.o
 .text.BOARD_BootClockPLL150M
                0x00001704       0xe0 ./board/clock_config.o
                0x00001704                BOARD_BootClockPLL150M
 .text.PINT_init
                0x000017e4       0x2c ./board/peripherals.o
 .text.Board_InitPins
                0x00001810       0x68 ./board/pin_mux.o
                0x00001810                Board_InitPins
 .text.malloc   0x00001878       0xc8 C:/nxp/MCUXpressoIDE_11.10.0_3148/ide/plugins/com.nxp.mcuxpresso.tools.win32_11.10.0.202311280810/tools/bin/../lib/gcc/arm-none-eabi/13.2.1/../../../../arm-none-eabi/lib/thumb/v8-m.main/nofp\libcr_c.a(alloc.o)
                0x00001878                malloc
 .text._Csys_alloc
                0x00001940       0x20 C:/nxp/MCUXpressoIDE_11.10.0_3148/ide/plugins/com.nxp.mcuxpresso.tools.win32_11.10.0.202311280810/tools/bin/../lib/gcc/arm-none-eabi/13.2.1/../../../../arm-none-eabi/lib/thumb/v8-m.main/nofp\libcr_c.a(alloc.o)
                0x00001940                _Csys_alloc
 .text._initio  0x00001960       0x78 C:/nxp/MCUXpressoIDE_11.10.0_3148/ide/plugins/com.nxp.mcuxpresso.tools.win32_11.10.0.202311280810/tools/bin/../lib/gcc/arm-none-eabi/13.2.1/../../../../arm-none-eabi/lib/thumb/v8-m.main/nofp\libcr_c.a(initio.o)
                0x00001960                _initio
 .text.__vfprintf
                0x000019d8      0xb70 C:/nxp/MCUXpressoIDE_11.10.0_3148/ide/plugins/com.nxp.mcuxpresso.tools.win32_11.10.0.202311280810/tools/bin/../lib/gcc/arm-none-eabi/13.2.1/../../../../arm-none-eabi/lib/thumb/v8-m.main/nofp\libcr_c.a(printf.o)
                0x000019d8                __vfprintf
 .text._vsnprintf
                0x00002548       0x68 C:/nxp/MCUXpressoIDE_11.10.0_3148/ide/plugins/com.nxp.mcuxpresso.tools.win32_11.10.0.202311280810/tools/bin/../lib/gcc/arm-none-eabi/13.2.1/../../../../arm-none-eabi/lib/thumb/v8-m.main/nofp\libcr_c.a(printf.o)
                0x00002548                _vsnprintf
 .text._printf  0x000025b0       0x54 C:/nxp/MCUXpressoIDE_11.10.0_3148/ide/plugins/com.nxp.mcuxpresso.tools.win32_11.10.0.202311280810/tools/bin/../lib/gcc/arm-none-eabi/13.2.1/../../../../arm-none-eabi/lib/thumb/v8-m.main/nofp\libcr_c.a(printf.o)
                0x000025b0                _printf
 .text._sbrk    0x00002604       0x3c C:/nxp/MCUXpressoIDE_11.10.0_3148/ide/plugins/com.nxp.mcuxpresso.tools.win32_11.10.0.202311280810/tools/bin/../lib/gcc/arm-none-eabi/13.2.1/../../../../arm-none-eabi/lib/thumb/v8-m.main/nofp\libcr_c.a(_cr_sbrk.o)
                0x00002604                _sbrk
 .text._Cwritebuf
                0x00002640       0x6c C:/nxp/MCUXpressoIDE_11.10.0_3148/ide/plugins/com.nxp.mcuxpresso.tools.win32_11.10.0.202311280810/tools/bin/../lib/gcc/arm-none-eabi/13.2.1/../../../../arm-none-eabi/lib/thumb/v8-m.main/nofp\libcr_c.a(_writebuf.o)
                0x00002640                _Cwritebuf
 .text.fflush   0x000026ac       0x3c C:/nxp/MCUXpressoIDE_11.10.0_3148/ide/plugins/com.nxp.mcuxpresso.tools.win32_11.10.0.202311280810/tools/bin/../lib/gcc/arm-none-eabi/13.2.1/../../../../arm-none-eabi/lib/thumb/v8-m.main/nofp\libcr_c.a(fflush.o)
                0x000026ac                fflush
 .text.fseek    0x000026e8       0xf8 C:/nxp/MCUXpressoIDE_11.10.0_3148/ide/plugins/com.nxp.mcuxpresso.tools.win32_11.10.0.202311280810/tools/bin/../lib/gcc/arm-none-eabi/13.2.1/../../../../arm-none-eabi/lib/thumb/v8-m.main/nofp\libcr_c.a(fseek.o)
                0x000026e8                fseek
 .text.ftell    0x000027e0       0x44 C:/nxp/MCUXpressoIDE_11.10.0_3148/ide/plugins/com.nxp.mcuxpresso.tools.win32_11.10.0.202311280810/tools/bin/../lib/gcc/arm-none-eabi/13.2.1/../../../../arm-none-eabi/lib/thumb/v8-m.main/nofp\libcr_c.a(ftell.o)
                0x000027e0                ftell
 .text.__check_heap_overflow
                0x00002824       0x18 C:/nxp/MCUXpressoIDE_11.10.0_3148/ide/plugins/com.nxp.mcuxpresso.tools.win32_11.10.0.202311280810/tools/bin/../lib/gcc/arm-none-eabi/13.2.1/../../../../arm-none-eabi/lib/thumb/v8-m.main/nofp\libcr_c.a(_cr_check_heap.o)
                0x00002824                __check_heap_overflow
 .text.__sys_appexit
                0x0000283c        0xc C:/nxp/MCUXpressoIDE_11.10.0_3148/ide/plugins/com.nxp.mcuxpresso.tools.win32_11.10.0.202311280810/tools/bin/../lib/gcc/arm-none-eabi/13.2.1/../../../../arm-none-eabi/lib/thumb/v8-m.main/nofp\libcr_semihost_nf.a(__sys_appexit.o)
                0x0000283c                __sys_appexit
                0x0000283c                __exit
 .text.fsl_assert_hook
                0x00002848       0x18 ./utilities/fsl_assert.o
                0x00002848                fsl_assert_hook
 .text.WDT_BOD_IRQHandler
                0x00002860        0x8 ./startup/startup_lpc55s69_cm33_core0.o
                0x00002860                WDT_BOD_IRQHandler
 .text.DMA0_IRQHandler
                0x00002868        0x8 ./startup/startup_lpc55s69_cm33_core0.o
                0x00002868                DMA0_IRQHandler
 .text.GINT0_IRQHandler
                0x00002870        0x8 ./startup/startup_lpc55s69_cm33_core0.o
                0x00002870                GINT0_IRQHandler
 .text.GINT1_IRQHandler
                0x00002878        0x8 ./startup/startup_lpc55s69_cm33_core0.o
                0x00002878                GINT1_IRQHandler
 .text.PIN_INT0_IRQHandler
                0x00002880        0x8 ./startup/startup_lpc55s69_cm33_core0.o
                0x00002880                PIN_INT0_IRQHandler
 .text.PIN_INT1_IRQHandler
                0x00002888        0x8 ./startup/startup_lpc55s69_cm33_core0.o
                0x00002888                PIN_INT1_IRQHandler
 .text.PIN_INT2_IRQHandler
                0x00002890        0x8 ./startup/startup_lpc55s69_cm33_core0.o
                0x00002890                PIN_INT2_IRQHandler
 .text.PIN_INT3_IRQHandler
                0x00002898        0x8 ./startup/startup_lpc55s69_cm33_core0.o
                0x00002898                PIN_INT3_IRQHandler
 .text.UTICK0_IRQHandler
                0x000028a0        0x8 ./startup/startup_lpc55s69_cm33_core0.o
                0x000028a0                UTICK0_IRQHandler
 .text.MRT0_IRQHandler
                0x000028a8        0x8 ./startup/startup_lpc55s69_cm33_core0.o
                0x000028a8                MRT0_IRQHandler
 .text.CTIMER0_IRQHandler
                0x000028b0        0x8 ./startup/startup_lpc55s69_cm33_core0.o
                0x000028b0                CTIMER0_IRQHandler
 .text.CTIMER1_IRQHandler
                0x000028b8        0x8 ./startup/startup_lpc55s69_cm33_core0.o
                0x000028b8                CTIMER1_IRQHandler
 .text.SCT0_IRQHandler
                0x000028c0        0x8 ./startup/startup_lpc55s69_cm33_core0.o
                0x000028c0                SCT0_IRQHandler
 .text.CTIMER3_IRQHandler
                0x000028c8        0x8 ./startup/startup_lpc55s69_cm33_core0.o
                0x000028c8                CTIMER3_IRQHandler
 .text.FLEXCOMM0_IRQHandler
                0x000028d0        0x8 ./startup/startup_lpc55s69_cm33_core0.o
                0x000028d0                FLEXCOMM0_IRQHandler
 .text.FLEXCOMM1_IRQHandler
                0x000028d8        0x8 ./startup/startup_lpc55s69_cm33_core0.o
                0x000028d8                FLEXCOMM1_IRQHandler
 .text.FLEXCOMM2_IRQHandler
                0x000028e0        0x8 ./startup/startup_lpc55s69_cm33_core0.o
                0x000028e0                FLEXCOMM2_IRQHandler
 .text.FLEXCOMM3_IRQHandler
                0x000028e8        0x8 ./startup/startup_lpc55s69_cm33_core0.o
                0x000028e8                FLEXCOMM3_IRQHandler
 .text.FLEXCOMM4_IRQHandler
                0x000028f0        0x8 ./startup/startup_lpc55s69_cm33_core0.o
                0x000028f0                FLEXCOMM4_IRQHandler
 .text.FLEXCOMM5_IRQHandler
                0x000028f8        0x8 ./startup/startup_lpc55s69_cm33_core0.o
                0x000028f8                FLEXCOMM5_IRQHandler
 .text.FLEXCOMM6_IRQHandler
                0x00002900        0x8 ./startup/startup_lpc55s69_cm33_core0.o
                0x00002900                FLEXCOMM6_IRQHandler
 .text.FLEXCOMM7_IRQHandler
                0x00002908        0x8 ./startup/startup_lpc55s69_cm33_core0.o
                0x00002908                FLEXCOMM7_IRQHandler
 .text.ADC0_IRQHandler
                0x00002910        0x8 ./startup/startup_lpc55s69_cm33_core0.o
                0x00002910                ADC0_IRQHandler
 .text.Reserved39_IRQHandler
                0x00002918        0x8 ./startup/startup_lpc55s69_cm33_core0.o
                0x00002918                Reserved39_IRQHandler
 .text.ACMP_IRQHandler
                0x00002920        0x8 ./startup/startup_lpc55s69_cm33_core0.o
                0x00002920                ACMP_IRQHandler
 .text.Reserved41_IRQHandler
                0x00002928        0x8 ./startup/startup_lpc55s69_cm33_core0.o
                0x00002928                Reserved41_IRQHandler
 .text.Reserved42_IRQHandler
                0x00002930        0x8 ./startup/startup_lpc55s69_cm33_core0.o
                0x00002930                Reserved42_IRQHandler
 .text.USB0_NEEDCLK_IRQHandler
                0x00002938        0x8 ./startup/startup_lpc55s69_cm33_core0.o
                0x00002938                USB0_NEEDCLK_IRQHandler
 .text.USB0_IRQHandler
                0x00002940        0x8 ./startup/startup_lpc55s69_cm33_core0.o
                0x00002940                USB0_IRQHandler
 .text.RTC_IRQHandler
                0x00002948        0x8 ./startup/startup_lpc55s69_cm33_core0.o
                0x00002948                RTC_IRQHandler
 .text.Reserved46_IRQHandler
                0x00002950        0x8 ./startup/startup_lpc55s69_cm33_core0.o
                0x00002950                Reserved46_IRQHandler
 .text.MAILBOX_IRQHandler
                0x00002958        0x8 ./startup/startup_lpc55s69_cm33_core0.o
                0x00002958                MAILBOX_IRQHandler
 .text.PIN_INT4_IRQHandler
                0x00002960        0x8 ./startup/startup_lpc55s69_cm33_core0.o
                0x00002960                PIN_INT4_IRQHandler
 .text.PIN_INT5_IRQHandler
                0x00002968        0x8 ./startup/startup_lpc55s69_cm33_core0.o
                0x00002968                PIN_INT5_IRQHandler
 .text.PIN_INT6_IRQHandler
                0x00002970        0x8 ./startup/startup_lpc55s69_cm33_core0.o
                0x00002970                PIN_INT6_IRQHandler
 .text.PIN_INT7_IRQHandler
                0x00002978        0x8 ./startup/startup_lpc55s69_cm33_core0.o
                0x00002978                PIN_INT7_IRQHandler
 .text.CTIMER2_IRQHandler
                0x00002980        0x8 ./startup/startup_lpc55s69_cm33_core0.o
                0x00002980                CTIMER2_IRQHandler
 .text.CTIMER4_IRQHandler
                0x00002988        0x8 ./startup/startup_lpc55s69_cm33_core0.o
                0x00002988                CTIMER4_IRQHandler
 .text.OS_EVENT_IRQHandler
                0x00002990        0x8 ./startup/startup_lpc55s69_cm33_core0.o
                0x00002990                OS_EVENT_IRQHandler
 .text.Reserved55_IRQHandler
                0x00002998        0x8 ./startup/startup_lpc55s69_cm33_core0.o
                0x00002998                Reserved55_IRQHandler
 .text.Reserved56_IRQHandler
                0x000029a0        0x8 ./startup/startup_lpc55s69_cm33_core0.o
                0x000029a0                Reserved56_IRQHandler
 .text.Reserved57_IRQHandler
                0x000029a8        0x8 ./startup/startup_lpc55s69_cm33_core0.o
                0x000029a8                Reserved57_IRQHandler
 .text.SDIO_IRQHandler
                0x000029b0        0x8 ./startup/startup_lpc55s69_cm33_core0.o
                0x000029b0                SDIO_IRQHandler
 .text.Reserved59_IRQHandler
                0x000029b8        0x8 ./startup/startup_lpc55s69_cm33_core0.o
                0x000029b8                Reserved59_IRQHandler
 .text.Reserved60_IRQHandler
                0x000029c0        0x8 ./startup/startup_lpc55s69_cm33_core0.o
                0x000029c0                Reserved60_IRQHandler
 .text.Reserved61_IRQHandler
                0x000029c8        0x8 ./startup/startup_lpc55s69_cm33_core0.o
                0x000029c8                Reserved61_IRQHandler
 .text.USB1_PHY_IRQHandler
                0x000029d0        0x8 ./startup/startup_lpc55s69_cm33_core0.o
                0x000029d0                USB1_PHY_IRQHandler
 .text.USB1_IRQHandler
                0x000029d8        0x8 ./startup/startup_lpc55s69_cm33_core0.o
                0x000029d8                USB1_IRQHandler
 .text.USB1_NEEDCLK_IRQHandler
                0x000029e0        0x8 ./startup/startup_lpc55s69_cm33_core0.o
                0x000029e0                USB1_NEEDCLK_IRQHandler
 .text.SEC_HYPERVISOR_CALL_IRQHandler
                0x000029e8        0x8 ./startup/startup_lpc55s69_cm33_core0.o
                0x000029e8                SEC_HYPERVISOR_CALL_IRQHandler
 .text.SEC_GPIO_INT0_IRQ0_IRQHandler
                0x000029f0        0x8 ./startup/startup_lpc55s69_cm33_core0.o
                0x000029f0                SEC_GPIO_INT0_IRQ0_IRQHandler
 .text.SEC_GPIO_INT0_IRQ1_IRQHandler
                0x000029f8        0x8 ./startup/startup_lpc55s69_cm33_core0.o
                0x000029f8                SEC_GPIO_INT0_IRQ1_IRQHandler
 .text.PLU_IRQHandler
                0x00002a00        0x8 ./startup/startup_lpc55s69_cm33_core0.o
                0x00002a00                PLU_IRQHandler
 .text.SEC_VIO_IRQHandler
                0x00002a08        0x8 ./startup/startup_lpc55s69_cm33_core0.o
                0x00002a08                SEC_VIO_IRQHandler
 .text.HASHCRYPT_IRQHandler
                0x00002a10        0x8 ./startup/startup_lpc55s69_cm33_core0.o
                0x00002a10                HASHCRYPT_IRQHandler
 .text.CASER_IRQHandler
                0x00002a18        0x8 ./startup/startup_lpc55s69_cm33_core0.o
                0x00002a18                CASER_IRQHandler
 .text.PUF_IRQHandler
                0x00002a20        0x8 ./startup/startup_lpc55s69_cm33_core0.o
                0x00002a20                PUF_IRQHandler
 .text.PQ_IRQHandler
                0x00002a28        0x8 ./startup/startup_lpc55s69_cm33_core0.o
                0x00002a28                PQ_IRQHandler
 .text.DMA1_IRQHandler
                0x00002a30        0x8 ./startup/startup_lpc55s69_cm33_core0.o
                0x00002a30                DMA1_IRQHandler
 .text.FLEXCOMM8_IRQHandler
                0x00002a38        0x8 ./startup/startup_lpc55s69_cm33_core0.o
                0x00002a38                FLEXCOMM8_IRQHandler
 .text.HardFault_Handler
                0x00002a40       0x36 ./source/semihost_hardfault.o
                0x00002a40                HardFault_Handler
 .text.CLOCK_IsPLL0Locked
                0x00002a76       0x22 ./drivers/fsl_clock.o
 .text.findPll0PreDiv
                0x00002a98       0x3c ./drivers/fsl_clock.o
 .text.DelayLoop
                0x00002ad4       0x1e ./drivers/fsl_common_arm.o
 .text.INPUTMUX_AttachSignal
                0x00002af2       0x36 ./drivers/fsl_inputmux.o
                0x00002af2                INPUTMUX_AttachSignal
 .text.CLOCK_EnableClock
                0x00002b28       0x2e ./drivers/fsl_pint.o
 .text.RESET_ReleasePeripheralReset
                0x00002b56       0x16 ./drivers/fsl_pint.o
 .text.EnableIRQ
                0x00002b6c       0x32 ./drivers/fsl_pint.o
 .text.PINT_PinInterruptClrFallFlag
                0x00002b9e       0x20 ./drivers/fsl_pint.o
 .text.PINT_PinInterruptClrRiseFlag
                0x00002bbe       0x20 ./drivers/fsl_pint.o
 .text.PINT_PatternMatchResetDetectLogic
                0x00002bde       0x32 ./drivers/fsl_pint.o
                0x00002bde                PINT_PatternMatchResetDetectLogic
 .text.PINT_PinInterruptClrStatus
                0x00002c10       0x4c ./drivers/fsl_pint.o
                0x00002c10                PINT_PinInterruptClrStatus
 .text.lowpower_set_voltage_for_process
                0x00002c5c       0xaa ./drivers/fsl_power.o
 .text.SystemInitHook
                0x00002d06        0xc ./device/system_LPC55S69_cm33_core0.o
                0x00002d06                SystemInitHook
 .text.DbgConsole_Init
                0x00002d12       0x1e ./board/board.o
 .text.BOARD_InitBootClocks
                0x00002d30        0xc ./board/clock_config.o
                0x00002d30                BOARD_InitBootClocks
 .text.BOARD_InitPeripherals_cm33_core0
                0x00002d3c        0xc ./board/peripherals.o
                0x00002d3c                BOARD_InitPeripherals_cm33_core0
 .text.BOARD_InitBootPeripherals
                0x00002d48        0xc ./board/peripherals.o
                0x00002d48                BOARD_InitBootPeripherals
 .text.Chip_GetVersion
                0x00002d54       0x34 ./board/pin_mux.o
 .text.CLOCK_EnableClock
                0x00002d88       0x2e ./board/pin_mux.o
 .text.BOARD_InitBootPins
                0x00002db6        0xc ./board/pin_mux.o
                0x00002db6                BOARD_InitBootPins
 .text.__main   0x00002dc2        0xe C:/nxp/MCUXpressoIDE_11.10.0_3148/ide/plugins/com.nxp.mcuxpresso.tools.win32_11.10.0.202311280810/tools/bin/../lib/gcc/arm-none-eabi/13.2.1/../../../../arm-none-eabi/lib/thumb/v8-m.main/nofp\libcr_semihost_nf.a(_cr__main.o)
                0x00002dc2                __CR_SEMIHOST
                0x00002dc2                __main
 .text.memset   0x00002dd0        0x4 C:/nxp/MCUXpressoIDE_11.10.0_3148/ide/plugins/com.nxp.mcuxpresso.tools.win32_11.10.0.202311280810/tools/bin/../lib/gcc/arm-none-eabi/13.2.1/../../../../arm-none-eabi/lib/thumb/v8-m.main/nofp\libcr_c.a(memset.o)
                0x00002dd0                memset
 .text.free     0x00002dd4       0x30 C:/nxp/MCUXpressoIDE_11.10.0_3148/ide/plugins/com.nxp.mcuxpresso.tools.win32_11.10.0.202311280810/tools/bin/../lib/gcc/arm-none-eabi/13.2.1/../../../../arm-none-eabi/lib/thumb/v8-m.main/nofp\libcr_c.a(alloc.o)
                0x00002dd4                free
 .text.no_fp_display
                0x00002e04        0x4 C:/nxp/MCUXpressoIDE_11.10.0_3148/ide/plugins/com.nxp.mcuxpresso.tools.win32_11.10.0.202311280810/tools/bin/../lib/gcc/arm-none-eabi/13.2.1/../../../../arm-none-eabi/lib/thumb/v8-m.main/nofp\libcr_c.a(printf.o)
 .text.setvbuf  0x00002e08       0x3e C:/nxp/MCUXpressoIDE_11.10.0_3148/ide/plugins/com.nxp.mcuxpresso.tools.win32_11.10.0.202311280810/tools/bin/../lib/gcc/arm-none-eabi/13.2.1/../../../../arm-none-eabi/lib/thumb/v8-m.main/nofp\libcr_c.a(setvbuf.o)
                0x00002e08                setvbuf
 .text.strlen   0x00002e46       0x4e C:/nxp/MCUXpressoIDE_11.10.0_3148/ide/plugins/com.nxp.mcuxpresso.tools.win32_11.10.0.202311280810/tools/bin/../lib/gcc/arm-none-eabi/13.2.1/../../../../arm-none-eabi/lib/thumb/v8-m.main/nofp\libcr_c.a(strlen.o)
                0x00002e46                strlen
 .text._deferredlazyseek
                0x00002e94       0x40 C:/nxp/MCUXpressoIDE_11.10.0_3148/ide/plugins/com.nxp.mcuxpresso.tools.win32_11.10.0.202311280810/tools/bin/../lib/gcc/arm-none-eabi/13.2.1/../../../../arm-none-eabi/lib/thumb/v8-m.main/nofp\libcr_c.a(_deferredlazyseek.o)
                0x00002e94                _deferredlazyseek
 .text.__flsbuf
                0x00002ed4      0x126 C:/nxp/MCUXpressoIDE_11.10.0_3148/ide/plugins/com.nxp.mcuxpresso.tools.win32_11.10.0.202311280810/tools/bin/../lib/gcc/arm-none-eabi/13.2.1/../../../../arm-none-eabi/lib/thumb/v8-m.main/nofp\libcr_c.a(_deferredlazyseek.o)
                0x00002ed4                __flsbuf
 .text._fdopen  0x00002ffa       0x68 C:/nxp/MCUXpressoIDE_11.10.0_3148/ide/plugins/com.nxp.mcuxpresso.tools.win32_11.10.0.202311280810/tools/bin/../lib/gcc/arm-none-eabi/13.2.1/../../../../arm-none-eabi/lib/thumb/v8-m.main/nofp\libcr_c.a(_fdopen.o)
                0x00002ffa                _fdopen
 .text._fflush  0x00003062       0x52 C:/nxp/MCUXpressoIDE_11.10.0_3148/ide/plugins/com.nxp.mcuxpresso.tools.win32_11.10.0.202311280810/tools/bin/../lib/gcc/arm-none-eabi/13.2.1/../../../../arm-none-eabi/lib/thumb/v8-m.main/nofp\libcr_c.a(_fflush.o)
                0x00003062                _fflush
 .text.fclose   0x000030b4       0x58 C:/nxp/MCUXpressoIDE_11.10.0_3148/ide/plugins/com.nxp.mcuxpresso.tools.win32_11.10.0.202311280810/tools/bin/../lib/gcc/arm-none-eabi/13.2.1/../../../../arm-none-eabi/lib/thumb/v8-m.main/nofp\libcr_c.a(fclose.o)
                0x000030b4                fclose
 .text.remove   0x0000310c       0x14 C:/nxp/MCUXpressoIDE_11.10.0_3148/ide/plugins/com.nxp.mcuxpresso.tools.win32_11.10.0.202311280810/tools/bin/../lib/gcc/arm-none-eabi/13.2.1/../../../../arm-none-eabi/lib/thumb/v8-m.main/nofp\libcr_c.a(remove.o)
                0x0000310c                remove
 .text._do_fflush
                0x00003120       0x40 C:/nxp/MCUXpressoIDE_11.10.0_3148/ide/plugins/com.nxp.mcuxpresso.tools.win32_11.10.0.202311280810/tools/bin/../lib/gcc/arm-none-eabi/13.2.1/../../../../arm-none-eabi/lib/thumb/v8-m.main/nofp\libcr_c.a(_do_fflush.o)
                0x00003120                _do_fflush
 .text.__aeabi_division_uldivmod
                0x00003160      0x174 C:/nxp/MCUXpressoIDE_11.10.0_3148/ide/plugins/com.nxp.mcuxpresso.tools.win32_11.10.0.202311280810/tools/bin/../lib/gcc/arm-none-eabi/13.2.1/thumb/v8-m.main/nofp\libcr_eabihelpers.a(division_64.o)
                0x00003160                __aeabi_uldivmod
                0x00003164                __bhs_ldivmod1
 .text.__aeabi_division_idiv0
                0x000032d4        0x2 C:/nxp/MCUXpressoIDE_11.10.0_3148/ide/plugins/com.nxp.mcuxpresso.tools.win32_11.10.0.202311280810/tools/bin/../lib/gcc/arm-none-eabi/13.2.1/thumb/v8-m.main/nofp\libcr_eabihelpers.a(division_idiv0.o)
                0x000032d4                __aeabi_idiv0
 .text.__aeabi_memset_lowlevel
                0x000032d6       0x32 C:/nxp/MCUXpressoIDE_11.10.0_3148/ide/plugins/com.nxp.mcuxpresso.tools.win32_11.10.0.202311280810/tools/bin/../lib/gcc/arm-none-eabi/13.2.1/thumb/v8-m.main/nofp\libcr_eabihelpers.a(memcpy.o)
                0x000032d6                __aeabi_lowlevel_memset
 .text.__sys_close
                0x00003308        0xc C:/nxp/MCUXpressoIDE_11.10.0_3148/ide/plugins/com.nxp.mcuxpresso.tools.win32_11.10.0.202311280810/tools/bin/../lib/gcc/arm-none-eabi/13.2.1/../../../../arm-none-eabi/lib/thumb/v8-m.main/nofp\libcr_semihost_nf.a(__sys_close.o)
                0x00003308                __sys_close
 .text.__sys_flen
                0x00003314        0xc C:/nxp/MCUXpressoIDE_11.10.0_3148/ide/plugins/com.nxp.mcuxpresso.tools.win32_11.10.0.202311280810/tools/bin/../lib/gcc/arm-none-eabi/13.2.1/../../../../arm-none-eabi/lib/thumb/v8-m.main/nofp\libcr_semihost_nf.a(__sys_flen.o)
                0x00003314                __sys_flen
 .text.__sys_istty
                0x00003320        0xc C:/nxp/MCUXpressoIDE_11.10.0_3148/ide/plugins/com.nxp.mcuxpresso.tools.win32_11.10.0.202311280810/tools/bin/../lib/gcc/arm-none-eabi/13.2.1/../../../../arm-none-eabi/lib/thumb/v8-m.main/nofp\libcr_semihost_nf.a(__sys_istty.o)
                0x00003320                __sys_istty
 .text.__sys_remove
                0x0000332c        0xc C:/nxp/MCUXpressoIDE_11.10.0_3148/ide/plugins/com.nxp.mcuxpresso.tools.win32_11.10.0.202311280810/tools/bin/../lib/gcc/arm-none-eabi/13.2.1/../../../../arm-none-eabi/lib/thumb/v8-m.main/nofp\libcr_semihost_nf.a(__sys_remove.o)
                0x0000332c                __sys_remove
 .text.__sys_seek
                0x00003338        0xc C:/nxp/MCUXpressoIDE_11.10.0_3148/ide/plugins/com.nxp.mcuxpresso.tools.win32_11.10.0.202311280810/tools/bin/../lib/gcc/arm-none-eabi/13.2.1/../../../../arm-none-eabi/lib/thumb/v8-m.main/nofp\libcr_semihost_nf.a(__sys_seek.o)
                0x00003338                __sys_seek
 .text.__sys_tmpnam
                0x00003344        0xc C:/nxp/MCUXpressoIDE_11.10.0_3148/ide/plugins/com.nxp.mcuxpresso.tools.win32_11.10.0.202311280810/tools/bin/../lib/gcc/arm-none-eabi/13.2.1/../../../../arm-none-eabi/lib/thumb/v8-m.main/nofp\libcr_semihost_nf.a(__sys_tmpnam.o)
                0x00003344                __sys_tmpnam
 .text.__sys_write
                0x00003350        0xc C:/nxp/MCUXpressoIDE_11.10.0_3148/ide/plugins/com.nxp.mcuxpresso.tools.win32_11.10.0.202311280810/tools/bin/../lib/gcc/arm-none-eabi/13.2.1/../../../../arm-none-eabi/lib/thumb/v8-m.main/nofp\libcr_semihost_nf.a(__sys_write.o)
                0x00003350                __sys_write
 *(SORT_BY_ALIGNMENT(.rodata) SORT_BY_ALIGNMENT(.rodata.*) SORT_BY_ALIGNMENT(.constdata) SORT_BY_ALIGNMENT(.constdata.*))
 .rodata.__assertion_failed.str1.4
                0x0000335c      0x372 ./utilities/fsl_assert.o
                                 0x14 (size before relaxing)
 .rodata.cbPint.str1.4
                0x000036ce        0x4 ./source/postlab3_1.o
 .rodata.main.str1.4
                0x000036ce       0x1b ./source/postlab3_1.o
 .rodata.SDK_DelayAtLeastUs.str1.4
                0x000036ce       0x2b ./drivers/fsl_common_arm.o
 *fill*         0x000036ce        0x2 ff
 .rodata.s_flexcommBaseAddrs
                0x000036d0       0x24 ./drivers/fsl_flexcomm.o
 .rodata.FLEXCOMM_GetInstance.str1.4
                0x000036f4       0x41 ./drivers/fsl_flexcomm.o
 .rodata.FLEXCOMM0_DriverIRQHandler.str1.4
                0x000036f4       0x3c ./drivers/fsl_flexcomm.o
 .rodata.FLEXCOMM1_DriverIRQHandler.str1.4
                0x000036f4       0x3c ./drivers/fsl_flexcomm.o
 .rodata.FLEXCOMM2_DriverIRQHandler.str1.4
                0x000036f4       0x3c ./drivers/fsl_flexcomm.o
 .rodata.FLEXCOMM3_DriverIRQHandler.str1.4
                0x000036f4       0x3c ./drivers/fsl_flexcomm.o
 .rodata.FLEXCOMM4_DriverIRQHandler.str1.4
                0x000036f4       0x3c ./drivers/fsl_flexcomm.o
 .rodata.FLEXCOMM5_DriverIRQHandler.str1.4
                0x000036f4       0x3c ./drivers/fsl_flexcomm.o
 .rodata.FLEXCOMM6_DriverIRQHandler.str1.4
                0x000036f4       0x3c ./drivers/fsl_flexcomm.o
 .rodata.FLEXCOMM7_DriverIRQHandler.str1.4
                0x000036f4       0x3c ./drivers/fsl_flexcomm.o
 .rodata.FLEXCOMM8_DriverIRQHandler.str1.4
                0x000036f4       0x3c ./drivers/fsl_flexcomm.o
 .rodata.s_pintBases
                0x000036f4        0x8 ./drivers/fsl_pint.o
 .rodata.s_pintResets
                0x000036fc        0x8 ./drivers/fsl_pint.o
 .rodata.s_pintIRQ
                0x00003704        0xa ./drivers/fsl_pint.o
 .rodata.PINT_GetInstance.str1.4
                0x0000370e       0x33 ./drivers/fsl_pint.o
 .rodata.PINT_Init.str1.4
                0x0000370e       0x1e ./drivers/fsl_pint.o
 .rodata.PINT_PinInterruptConfig.str1.4
                0x0000370e       0x1e ./drivers/fsl_pint.o
 .rodata.PINT_EnableCallbackByIndex.str1.4
                0x0000370e       0x1e ./drivers/fsl_pint.o
 .rodata.RESET_ClearPeripheralReset.str1.4
                0x0000370e       0x1e ./drivers/fsl_reset.o
 *fill*         0x0000370e        0x2 ff
 .rodata.__num_Ciob_streams
                0x00003710        0x4 C:/nxp/MCUXpressoIDE_11.10.0_3148/ide/plugins/com.nxp.mcuxpresso.tools.win32_11.10.0.202311280810/tools/bin/../lib/gcc/arm-none-eabi/13.2.1/../../../../arm-none-eabi/lib/thumb/v8-m.main/nofp\libcr_semihost_nf.a(__ciob.o)
                0x00003710                __num_Ciob_streams
 .rodata._Csys_alloc.str1.1
                0x00003714       0x53 C:/nxp/MCUXpressoIDE_11.10.0_3148/ide/plugins/com.nxp.mcuxpresso.tools.win32_11.10.0.202311280810/tools/bin/../lib/gcc/arm-none-eabi/13.2.1/../../../../arm-none-eabi/lib/thumb/v8-m.main/nofp\libcr_c.a(alloc.o)
                                 0x18 (size before relaxing)
 .rodata._initio.str1.1
                0x00003767        0x4 C:/nxp/MCUXpressoIDE_11.10.0_3148/ide/plugins/com.nxp.mcuxpresso.tools.win32_11.10.0.202311280810/tools/bin/../lib/gcc/arm-none-eabi/13.2.1/../../../../arm-none-eabi/lib/thumb/v8-m.main/nofp\libcr_c.a(initio.o)
 .rodata.__vfprintf.str1.1
                0x00003767       0x38 C:/nxp/MCUXpressoIDE_11.10.0_3148/ide/plugins/com.nxp.mcuxpresso.tools.win32_11.10.0.202311280810/tools/bin/../lib/gcc/arm-none-eabi/13.2.1/../../../../arm-none-eabi/lib/thumb/v8-m.main/nofp\libcr_c.a(printf.o)
                0x000037a0                        . = ALIGN (0x4)
 *fill*         0x00003767        0x1 ff

.glue_7         0x00003768        0x0
 .glue_7        0x00003768        0x0 linker stubs

.glue_7t        0x00003768        0x0
 .glue_7t       0x00003768        0x0 linker stubs

.vfp11_veneer   0x00003768        0x0
 .vfp11_veneer  0x00003768        0x0 linker stubs

.v4_bx          0x00003768        0x0
 .v4_bx         0x00003768        0x0 linker stubs

.iplt           0x00003768        0x0
 .iplt          0x00003768        0x0 ./utilities/fsl_assert.o

.rel.dyn        0x00003768        0x0
 .rel.iplt      0x00003768        0x0 ./utilities/fsl_assert.o

.ARM.extab
 *(SORT_BY_ALIGNMENT(.ARM.extab*) SORT_BY_ALIGNMENT(.gnu.linkonce.armextab.*))

.ARM.exidx      0x00003768        0x0
                0x00003768                        __exidx_start = .
 *(SORT_BY_ALIGNMENT(.ARM.exidx*) SORT_BY_ALIGNMENT(.gnu.linkonce.armexidx.*))
                0x00003768                        __exidx_end = .
                0x00003768                        _etext = .

.m_usb_data
 *(SORT_BY_ALIGNMENT(m_usb_global))

.data_RAM2      0x04000000        0x0 load address 0x00003768
 FILL mask 0xff
                [!provide]                        PROVIDE (__start_data_RAM2 = .)
                [!provide]                        PROVIDE (__start_data_SRAMX = .)
 *(SORT_BY_ALIGNMENT(.ramfunc.$RAM2))
 *(SORT_BY_ALIGNMENT(.ramfunc.$SRAMX))
 *(SORT_BY_ALIGNMENT(.data.$RAM2))
 *(SORT_BY_ALIGNMENT(.data.$SRAMX))
 *(SORT_BY_ALIGNMENT(.data.$RAM2.*))
 *(SORT_BY_ALIGNMENT(.data.$SRAMX.*))
                0x04000000                        . = ALIGN (0x4)
                [!provide]                        PROVIDE (__end_data_RAM2 = .)
                [!provide]                        PROVIDE (__end_data_SRAMX = .)

.data_RAM3      0x40100000        0x0 load address 0x00003768
 FILL mask 0xff
                [!provide]                        PROVIDE (__start_data_RAM3 = .)
                [!provide]                        PROVIDE (__start_data_USB_RAM = .)
 *(SORT_BY_ALIGNMENT(.ramfunc.$RAM3))
 *(SORT_BY_ALIGNMENT(.ramfunc.$USB_RAM))
 *(SORT_BY_ALIGNMENT(.data.$RAM3))
 *(SORT_BY_ALIGNMENT(.data.$USB_RAM))
 *(SORT_BY_ALIGNMENT(.data.$RAM3.*))
 *(SORT_BY_ALIGNMENT(.data.$USB_RAM.*))
                0x40100000                        . = ALIGN (0x4)
                [!provide]                        PROVIDE (__end_data_RAM3 = .)
                [!provide]                        PROVIDE (__end_data_USB_RAM = .)

.data_RAM4      0x20040000        0x0 load address 0x00003768
 FILL mask 0xff
                [!provide]                        PROVIDE (__start_data_RAM4 = .)
                [!provide]                        PROVIDE (__start_data_SRAM4 = .)
 *(SORT_BY_ALIGNMENT(.ramfunc.$RAM4))
 *(SORT_BY_ALIGNMENT(.ramfunc.$SRAM4))
 *(SORT_BY_ALIGNMENT(.data.$RAM4))
 *(SORT_BY_ALIGNMENT(.data.$SRAM4))
 *(SORT_BY_ALIGNMENT(.data.$RAM4.*))
 *(SORT_BY_ALIGNMENT(.data.$SRAM4.*))
                0x20040000                        . = ALIGN (0x4)
                [!provide]                        PROVIDE (__end_data_RAM4 = .)
                [!provide]                        PROVIDE (__end_data_SRAM4 = .)

.uninit_RESERVED
                0x20000000        0x0
                0x20000000                        _start_uninit_RESERVED = .
 *(SORT_BY_ALIGNMENT(.bss.$RESERVED*))
                0x20000000                        . = ALIGN (0x4)
                0x20000000                        _end_uninit_RESERVED = .

.data           0x20000000        0x8 load address 0x00003768
 FILL mask 0xff
                0x20000000                        _data = .
                [!provide]                        PROVIDE (__start_data_RAM = .)
                [!provide]                        PROVIDE (__start_data_SRAM = .)
 *(SORT_BY_ALIGNMENT(vtable))
 *(SORT_BY_ALIGNMENT(.ramfunc*))
 *(SORT_BY_ALIGNMENT(CodeQuickAccess))
 *(SORT_BY_ALIGNMENT(DataQuickAccess))
 *(SORT_BY_ALIGNMENT(RamFunction))
 *(SORT_BY_ALIGNMENT(.data*))
 .data.s_Ext_Clk_Freq
                0x20000000        0x4 ./drivers/fsl_clock.o
 .data.SystemCoreClock
                0x20000004        0x4 ./device/system_LPC55S69_cm33_core0.o
                0x20000004                SystemCoreClock
                0x20000008                        . = ALIGN (0x4)
                0x20000008                        _edata = .
                [!provide]                        PROVIDE (__end_data_RAM = .)
                [!provide]                        PROVIDE (__end_data_SRAM = .)

.igot.plt       0x20000008        0x0 load address 0x00003770
 .igot.plt      0x20000008        0x0 ./utilities/fsl_assert.o

.bss_RAM2       0x04000000        0x0
                [!provide]                        PROVIDE (__start_bss_RAM2 = .)
                [!provide]                        PROVIDE (__start_bss_SRAMX = .)
 *(SORT_BY_ALIGNMENT(.bss.$RAM2))
 *(SORT_BY_ALIGNMENT(.bss.$SRAMX))
 *(SORT_BY_ALIGNMENT(.bss.$RAM2.*))
 *(SORT_BY_ALIGNMENT(.bss.$SRAMX.*))
                0x04000000                        . = ALIGN ((. != 0x0)?0x4:0x1)
                [!provide]                        PROVIDE (__end_bss_RAM2 = .)
                [!provide]                        PROVIDE (__end_bss_SRAMX = .)

.bss_RAM3       0x40100000        0x0
                [!provide]                        PROVIDE (__start_bss_RAM3 = .)
                [!provide]                        PROVIDE (__start_bss_USB_RAM = .)
 *(SORT_BY_ALIGNMENT(.bss.$RAM3))
 *(SORT_BY_ALIGNMENT(.bss.$USB_RAM))
 *(SORT_BY_ALIGNMENT(.bss.$RAM3.*))
 *(SORT_BY_ALIGNMENT(.bss.$USB_RAM.*))
                0x40100000                        . = ALIGN ((. != 0x0)?0x4:0x1)
                [!provide]                        PROVIDE (__end_bss_RAM3 = .)
                [!provide]                        PROVIDE (__end_bss_USB_RAM = .)

.bss_RAM4       0x20040000        0x0
                [!provide]                        PROVIDE (__start_bss_RAM4 = .)
                [!provide]                        PROVIDE (__start_bss_SRAM4 = .)
 *(SORT_BY_ALIGNMENT(.bss.$RAM4))
 *(SORT_BY_ALIGNMENT(.bss.$SRAM4))
 *(SORT_BY_ALIGNMENT(.bss.$RAM4.*))
 *(SORT_BY_ALIGNMENT(.bss.$SRAM4.*))
                0x20040000                        . = ALIGN ((. != 0x0)?0x4:0x1)
                [!provide]                        PROVIDE (__end_bss_RAM4 = .)
                [!provide]                        PROVIDE (__end_bss_SRAM4 = .)

.bss            0x20000008      0x134
                0x20000008                        _bss = .
                [!provide]                        PROVIDE (__start_bss_RAM = .)
                [!provide]                        PROVIDE (__start_bss_SRAM = .)
 *(SORT_BY_ALIGNMENT(.bss*))
 .bss.s_Pll0_Freq
                0x20000008        0x4 ./drivers/fsl_clock.o
 .bss.s_flexcommIrqHandler
                0x2000000c       0x24 ./drivers/fsl_flexcomm.o
 .bss.s_flexcommHandle
                0x20000030       0x24 ./drivers/fsl_flexcomm.o
 .bss.s_secpintCallback
                0x20000054        0x8 ./drivers/fsl_pint.o
 .bss.s_pintCallback
                0x2000005c       0x20 ./drivers/fsl_pint.o
 .bss.errno     0x2000007c        0x4 C:/nxp/MCUXpressoIDE_11.10.0_3148/ide/plugins/com.nxp.mcuxpresso.tools.win32_11.10.0.202311280810/tools/bin/../lib/gcc/arm-none-eabi/13.2.1/../../../../arm-none-eabi/lib/thumb/v8-m.main/nofp\libcr_c.a(errno.o)
                0x2000007c                errno
 .bss.__end_of_heap
                0x20000080        0x4 C:/nxp/MCUXpressoIDE_11.10.0_3148/ide/plugins/com.nxp.mcuxpresso.tools.win32_11.10.0.202311280810/tools/bin/../lib/gcc/arm-none-eabi/13.2.1/../../../../arm-none-eabi/lib/thumb/v8-m.main/nofp\libcr_c.a(__init_alloc.o)
                0x20000080                __end_of_heap
 .bss.__heaps   0x20000084        0x4 C:/nxp/MCUXpressoIDE_11.10.0_3148/ide/plugins/com.nxp.mcuxpresso.tools.win32_11.10.0.202311280810/tools/bin/../lib/gcc/arm-none-eabi/13.2.1/../../../../arm-none-eabi/lib/thumb/v8-m.main/nofp\libcr_c.a(__init_alloc.o)
                0x20000084                __heaps
 .bss.__Ciob    0x20000088       0xb4 C:/nxp/MCUXpressoIDE_11.10.0_3148/ide/plugins/com.nxp.mcuxpresso.tools.win32_11.10.0.202311280810/tools/bin/../lib/gcc/arm-none-eabi/13.2.1/../../../../arm-none-eabi/lib/thumb/v8-m.main/nofp\libcr_semihost_nf.a(__ciob.o)
                0x20000088                __Ciob
 *(SORT_BY_ALIGNMENT(COMMON))
                0x2000013c                        . = ALIGN (0x4)
                0x2000013c                        _ebss = .
                [!provide]                        PROVIDE (__end_bss_RAM = .)
                [!provide]                        PROVIDE (__end_bss_SRAM = .)
                [!provide]                        PROVIDE (end = .)

.noinit_RAM2    0x04000000        0x0
                [!provide]                        PROVIDE (__start_noinit_RAM2 = .)
                [!provide]                        PROVIDE (__start_noinit_SRAMX = .)
 *(SORT_BY_ALIGNMENT(.noinit.$RAM2))
 *(SORT_BY_ALIGNMENT(.noinit.$SRAMX))
 *(SORT_BY_ALIGNMENT(.noinit.$RAM2.*))
 *(SORT_BY_ALIGNMENT(.noinit.$SRAMX.*))
                0x04000000                        . = ALIGN (0x4)
                [!provide]                        PROVIDE (__end_noinit_RAM2 = .)
                [!provide]                        PROVIDE (__end_noinit_SRAMX = .)

.noinit_RAM3    0x40100000        0x0
                [!provide]                        PROVIDE (__start_noinit_RAM3 = .)
                [!provide]                        PROVIDE (__start_noinit_USB_RAM = .)
 *(SORT_BY_ALIGNMENT(.noinit.$RAM3))
 *(SORT_BY_ALIGNMENT(.noinit.$USB_RAM))
 *(SORT_BY_ALIGNMENT(.noinit.$RAM3.*))
 *(SORT_BY_ALIGNMENT(.noinit.$USB_RAM.*))
                0x40100000                        . = ALIGN (0x4)
                [!provide]                        PROVIDE (__end_noinit_RAM3 = .)
                [!provide]                        PROVIDE (__end_noinit_USB_RAM = .)

.noinit_RAM4    0x20040000        0x0
                [!provide]                        PROVIDE (__start_noinit_RAM4 = .)
                [!provide]                        PROVIDE (__start_noinit_SRAM4 = .)
 *(SORT_BY_ALIGNMENT(.noinit.$RAM4))
 *(SORT_BY_ALIGNMENT(.noinit.$SRAM4))
 *(SORT_BY_ALIGNMENT(.noinit.$RAM4.*))
 *(SORT_BY_ALIGNMENT(.noinit.$SRAM4.*))
                0x20040000                        . = ALIGN (0x4)
                [!provide]                        PROVIDE (__end_noinit_RAM4 = .)
                [!provide]                        PROVIDE (__end_noinit_SRAM4 = .)

.noinit         0x2000013c        0x0
                0x2000013c                        _noinit = .
                [!provide]                        PROVIDE (__start_noinit_RAM = .)
                [!provide]                        PROVIDE (__start_noinit_SRAM = .)
 *(SORT_BY_ALIGNMENT(.noinit*))
                0x2000013c                        . = ALIGN (0x4)
                0x2000013c                        _end_noinit = .
                [!provide]                        PROVIDE (__end_noinit_RAM = .)
                [!provide]                        PROVIDE (__end_noinit_SRAM = .)
                0x00001000                        _HeapSize = 0x1000

.heap           0x2000013c     0x1000
                0x2000013c                        _pvHeapStart = .
                0x2000113c                        . = (. + _HeapSize)
 *fill*         0x2000013c     0x1000 
                0x2000113c                        . = ALIGN (0x4)
                0x2000113c                        _pvHeapLimit = .
                0x00001000                        _StackSize = 0x1000

.heap2stackfill
                0x2000113c     0x1000
                0x2000213c                        . = (. + _StackSize)
 *fill*         0x2000113c     0x1000 

.stack          0x2003f000        0x0
                0x2003f000                        _vStackBase = .
                0x2003f000                        . = ALIGN (0x4)
                0x20040000                        _vStackTop = (. + _StackSize)
                [!provide]                        PROVIDE (__valid_user_code_checksum = (0x0 - ((((((_vStackTop + (ResetISR + 0x1)) + (NMI_Handler + 0x1)) + (HardFault_Handler + 0x1)) + (DEFINED (MemManage_Handler)?MemManage_Handler:0x0 + 0x1)) + (DEFINED (BusFault_Handler)?BusFault_Handler:0x0 + 0x1)) + (DEFINED (UsageFault_Handler)?UsageFault_Handler:0x0 + 0x1))))
                0x00000000                        _image_start = LOADADDR (.text)
                0x00003770                        _image_end = (LOADADDR (.data) + SIZEOF (.data))
                0x00003770                        _image_size = (_image_end - _image_start)
OUTPUT(postlab3_1.axf elf32-littlearm)
LOAD linker stubs

.debug_info     0x00000000    0x17ca8
 .debug_info    0x00000000      0x135 ./utilities/fsl_assert.o
 .debug_info    0x00000135      0x9d0 ./startup/startup_lpc55s69_cm33_core0.o
 .debug_info    0x00000b05      0x2fe ./source/postlab3_1.o
 .debug_info    0x00000e03       0x3c ./source/semihost_hardfault.o
 .debug_info    0x00000e3f     0x340f ./drivers/fsl_clock.o
 .debug_info    0x0000424e      0x623 ./drivers/fsl_common_arm.o
 .debug_info    0x00004871     0x1b2e ./drivers/fsl_flexcomm.o
 .debug_info    0x0000639f     0x27e4 ./drivers/fsl_inputmux.o
 .debug_info    0x00008b83     0x2523 ./drivers/fsl_pint.o
 .debug_info    0x0000b0a6     0x2b16 ./drivers/fsl_power.o
 .debug_info    0x0000dbbc      0xf02 ./drivers/fsl_reset.o
 .debug_info    0x0000eabe     0x14f8 ./device/system_LPC55S69_cm33_core0.o
 .debug_info    0x0000ffb6      0x94e ./board/board.o
 .debug_info    0x00010904     0x181c ./board/clock_config.o
 .debug_info    0x00012120      0x2b4 ./board/peripherals.o
 .debug_info    0x000123d4     0x1e1b ./board/pin_mux.o
 .debug_info    0x000141ef       0x85 C:/nxp/MCUXpressoIDE_11.10.0_3148/ide/plugins/com.nxp.mcuxpresso.tools.win32_11.10.0.202311280810/tools/bin/../lib/gcc/arm-none-eabi/13.2.1/../../../../arm-none-eabi/lib/thumb/v8-m.main/nofp\libcr_semihost_nf.a(_cr__main.o)
 .debug_info    0x00014274       0xfc C:/nxp/MCUXpressoIDE_11.10.0_3148/ide/plugins/com.nxp.mcuxpresso.tools.win32_11.10.0.202311280810/tools/bin/../lib/gcc/arm-none-eabi/13.2.1/../../../../arm-none-eabi/lib/thumb/v8-m.main/nofp\libcr_c.a(memset.o)
 .debug_info    0x00014370      0x520 C:/nxp/MCUXpressoIDE_11.10.0_3148/ide/plugins/com.nxp.mcuxpresso.tools.win32_11.10.0.202311280810/tools/bin/../lib/gcc/arm-none-eabi/13.2.1/../../../../arm-none-eabi/lib/thumb/v8-m.main/nofp\libcr_c.a(alloc.o)
 .debug_info    0x00014890       0x44 C:/nxp/MCUXpressoIDE_11.10.0_3148/ide/plugins/com.nxp.mcuxpresso.tools.win32_11.10.0.202311280810/tools/bin/../lib/gcc/arm-none-eabi/13.2.1/../../../../arm-none-eabi/lib/thumb/v8-m.main/nofp\libcr_c.a(errno.o)
 .debug_info    0x000148d4      0x339 C:/nxp/MCUXpressoIDE_11.10.0_3148/ide/plugins/com.nxp.mcuxpresso.tools.win32_11.10.0.202311280810/tools/bin/../lib/gcc/arm-none-eabi/13.2.1/../../../../arm-none-eabi/lib/thumb/v8-m.main/nofp\libcr_c.a(initio.o)
 .debug_info    0x00014c0d     0x1280 C:/nxp/MCUXpressoIDE_11.10.0_3148/ide/plugins/com.nxp.mcuxpresso.tools.win32_11.10.0.202311280810/tools/bin/../lib/gcc/arm-none-eabi/13.2.1/../../../../arm-none-eabi/lib/thumb/v8-m.main/nofp\libcr_c.a(printf.o)
 .debug_info    0x00015e8d      0x1fd C:/nxp/MCUXpressoIDE_11.10.0_3148/ide/plugins/com.nxp.mcuxpresso.tools.win32_11.10.0.202311280810/tools/bin/../lib/gcc/arm-none-eabi/13.2.1/../../../../arm-none-eabi/lib/thumb/v8-m.main/nofp\libcr_c.a(setvbuf.o)
 .debug_info    0x0001608a       0xe1 C:/nxp/MCUXpressoIDE_11.10.0_3148/ide/plugins/com.nxp.mcuxpresso.tools.win32_11.10.0.202311280810/tools/bin/../lib/gcc/arm-none-eabi/13.2.1/../../../../arm-none-eabi/lib/thumb/v8-m.main/nofp\libcr_c.a(strlen.o)
 .debug_info    0x0001616b       0xd4 C:/nxp/MCUXpressoIDE_11.10.0_3148/ide/plugins/com.nxp.mcuxpresso.tools.win32_11.10.0.202311280810/tools/bin/../lib/gcc/arm-none-eabi/13.2.1/../../../../arm-none-eabi/lib/thumb/v8-m.main/nofp\libcr_c.a(__init_alloc.o)
 .debug_info    0x0001623f      0x107 C:/nxp/MCUXpressoIDE_11.10.0_3148/ide/plugins/com.nxp.mcuxpresso.tools.win32_11.10.0.202311280810/tools/bin/../lib/gcc/arm-none-eabi/13.2.1/../../../../arm-none-eabi/lib/thumb/v8-m.main/nofp\libcr_c.a(_cr_sbrk.o)
 .debug_info    0x00016346      0x369 C:/nxp/MCUXpressoIDE_11.10.0_3148/ide/plugins/com.nxp.mcuxpresso.tools.win32_11.10.0.202311280810/tools/bin/../lib/gcc/arm-none-eabi/13.2.1/../../../../arm-none-eabi/lib/thumb/v8-m.main/nofp\libcr_c.a(_deferredlazyseek.o)
 .debug_info    0x000166af      0x24b C:/nxp/MCUXpressoIDE_11.10.0_3148/ide/plugins/com.nxp.mcuxpresso.tools.win32_11.10.0.202311280810/tools/bin/../lib/gcc/arm-none-eabi/13.2.1/../../../../arm-none-eabi/lib/thumb/v8-m.main/nofp\libcr_c.a(_fdopen.o)
 .debug_info    0x000168fa      0x1e3 C:/nxp/MCUXpressoIDE_11.10.0_3148/ide/plugins/com.nxp.mcuxpresso.tools.win32_11.10.0.202311280810/tools/bin/../lib/gcc/arm-none-eabi/13.2.1/../../../../arm-none-eabi/lib/thumb/v8-m.main/nofp\libcr_c.a(_fflush.o)
 .debug_info    0x00016add      0x289 C:/nxp/MCUXpressoIDE_11.10.0_3148/ide/plugins/com.nxp.mcuxpresso.tools.win32_11.10.0.202311280810/tools/bin/../lib/gcc/arm-none-eabi/13.2.1/../../../../arm-none-eabi/lib/thumb/v8-m.main/nofp\libcr_c.a(_writebuf.o)
 .debug_info    0x00016d66      0x318 C:/nxp/MCUXpressoIDE_11.10.0_3148/ide/plugins/com.nxp.mcuxpresso.tools.win32_11.10.0.202311280810/tools/bin/../lib/gcc/arm-none-eabi/13.2.1/../../../../arm-none-eabi/lib/thumb/v8-m.main/nofp\libcr_c.a(fclose.o)
 .debug_info    0x0001707e      0x209 C:/nxp/MCUXpressoIDE_11.10.0_3148/ide/plugins/com.nxp.mcuxpresso.tools.win32_11.10.0.202311280810/tools/bin/../lib/gcc/arm-none-eabi/13.2.1/../../../../arm-none-eabi/lib/thumb/v8-m.main/nofp\libcr_c.a(fflush.o)
 .debug_info    0x00017287      0x276 C:/nxp/MCUXpressoIDE_11.10.0_3148/ide/plugins/com.nxp.mcuxpresso.tools.win32_11.10.0.202311280810/tools/bin/../lib/gcc/arm-none-eabi/13.2.1/../../../../arm-none-eabi/lib/thumb/v8-m.main/nofp\libcr_c.a(fseek.o)
 .debug_info    0x000174fd      0x197 C:/nxp/MCUXpressoIDE_11.10.0_3148/ide/plugins/com.nxp.mcuxpresso.tools.win32_11.10.0.202311280810/tools/bin/../lib/gcc/arm-none-eabi/13.2.1/../../../../arm-none-eabi/lib/thumb/v8-m.main/nofp\libcr_c.a(ftell.o)
 .debug_info    0x00017694      0x1d7 C:/nxp/MCUXpressoIDE_11.10.0_3148/ide/plugins/com.nxp.mcuxpresso.tools.win32_11.10.0.202311280810/tools/bin/../lib/gcc/arm-none-eabi/13.2.1/../../../../arm-none-eabi/lib/thumb/v8-m.main/nofp\libcr_c.a(remove.o)
 .debug_info    0x0001786b       0x78 C:/nxp/MCUXpressoIDE_11.10.0_3148/ide/plugins/com.nxp.mcuxpresso.tools.win32_11.10.0.202311280810/tools/bin/../lib/gcc/arm-none-eabi/13.2.1/../../../../arm-none-eabi/lib/thumb/v8-m.main/nofp\libcr_c.a(_cr_check_heap.o)
 .debug_info    0x000178e3      0x23a C:/nxp/MCUXpressoIDE_11.10.0_3148/ide/plugins/com.nxp.mcuxpresso.tools.win32_11.10.0.202311280810/tools/bin/../lib/gcc/arm-none-eabi/13.2.1/../../../../arm-none-eabi/lib/thumb/v8-m.main/nofp\libcr_c.a(_do_fflush.o)
 .debug_info    0x00017b1d      0x18b C:/nxp/MCUXpressoIDE_11.10.0_3148/ide/plugins/com.nxp.mcuxpresso.tools.win32_11.10.0.202311280810/tools/bin/../lib/gcc/arm-none-eabi/13.2.1/../../../../arm-none-eabi/lib/thumb/v8-m.main/nofp\libcr_semihost_nf.a(__ciob.o)

.debug_abbrev   0x00000000     0x367a
 .debug_abbrev  0x00000000       0xbd ./utilities/fsl_assert.o
 .debug_abbrev  0x000000bd      0x147 ./startup/startup_lpc55s69_cm33_core0.o
 .debug_abbrev  0x00000204      0x161 ./source/postlab3_1.o
 .debug_abbrev  0x00000365       0x31 ./source/semihost_hardfault.o
 .debug_abbrev  0x00000396      0x3a8 ./drivers/fsl_clock.o
 .debug_abbrev  0x0000073e      0x17b ./drivers/fsl_common_arm.o
 .debug_abbrev  0x000008b9      0x2be ./drivers/fsl_flexcomm.o
 .debug_abbrev  0x00000b77      0x252 ./drivers/fsl_inputmux.o
 .debug_abbrev  0x00000dc9      0x362 ./drivers/fsl_pint.o
 .debug_abbrev  0x0000112b      0x368 ./drivers/fsl_power.o
 .debug_abbrev  0x00001493      0x182 ./drivers/fsl_reset.o
 .debug_abbrev  0x00001615      0x216 ./device/system_LPC55S69_cm33_core0.o
 .debug_abbrev  0x0000182b      0x120 ./board/board.o
 .debug_abbrev  0x0000194b      0x226 ./board/clock_config.o
 .debug_abbrev  0x00001b71      0x116 ./board/peripherals.o
 .debug_abbrev  0x00001c87      0x1c6 ./board/pin_mux.o
 .debug_abbrev  0x00001e4d       0x70 C:/nxp/MCUXpressoIDE_11.10.0_3148/ide/plugins/com.nxp.mcuxpresso.tools.win32_11.10.0.202311280810/tools/bin/../lib/gcc/arm-none-eabi/13.2.1/../../../../arm-none-eabi/lib/thumb/v8-m.main/nofp\libcr_semihost_nf.a(_cr__main.o)
 .debug_abbrev  0x00001ebd       0xa8 C:/nxp/MCUXpressoIDE_11.10.0_3148/ide/plugins/com.nxp.mcuxpresso.tools.win32_11.10.0.202311280810/tools/bin/../lib/gcc/arm-none-eabi/13.2.1/../../../../arm-none-eabi/lib/thumb/v8-m.main/nofp\libcr_c.a(memset.o)
 .debug_abbrev  0x00001f65      0x284 C:/nxp/MCUXpressoIDE_11.10.0_3148/ide/plugins/com.nxp.mcuxpresso.tools.win32_11.10.0.202311280810/tools/bin/../lib/gcc/arm-none-eabi/13.2.1/../../../../arm-none-eabi/lib/thumb/v8-m.main/nofp\libcr_c.a(alloc.o)
 .debug_abbrev  0x000021e9       0x44 C:/nxp/MCUXpressoIDE_11.10.0_3148/ide/plugins/com.nxp.mcuxpresso.tools.win32_11.10.0.202311280810/tools/bin/../lib/gcc/arm-none-eabi/13.2.1/../../../../arm-none-eabi/lib/thumb/v8-m.main/nofp\libcr_c.a(errno.o)
 .debug_abbrev  0x0000222d      0x169 C:/nxp/MCUXpressoIDE_11.10.0_3148/ide/plugins/com.nxp.mcuxpresso.tools.win32_11.10.0.202311280810/tools/bin/../lib/gcc/arm-none-eabi/13.2.1/../../../../arm-none-eabi/lib/thumb/v8-m.main/nofp\libcr_c.a(initio.o)
 .debug_abbrev  0x00002396      0x3ba C:/nxp/MCUXpressoIDE_11.10.0_3148/ide/plugins/com.nxp.mcuxpresso.tools.win32_11.10.0.202311280810/tools/bin/../lib/gcc/arm-none-eabi/13.2.1/../../../../arm-none-eabi/lib/thumb/v8-m.main/nofp\libcr_c.a(printf.o)
 .debug_abbrev  0x00002750       0xe1 C:/nxp/MCUXpressoIDE_11.10.0_3148/ide/plugins/com.nxp.mcuxpresso.tools.win32_11.10.0.202311280810/tools/bin/../lib/gcc/arm-none-eabi/13.2.1/../../../../arm-none-eabi/lib/thumb/v8-m.main/nofp\libcr_c.a(setvbuf.o)
 .debug_abbrev  0x00002831       0xa7 C:/nxp/MCUXpressoIDE_11.10.0_3148/ide/plugins/com.nxp.mcuxpresso.tools.win32_11.10.0.202311280810/tools/bin/../lib/gcc/arm-none-eabi/13.2.1/../../../../arm-none-eabi/lib/thumb/v8-m.main/nofp\libcr_c.a(strlen.o)
 .debug_abbrev  0x000028d8       0xaf C:/nxp/MCUXpressoIDE_11.10.0_3148/ide/plugins/com.nxp.mcuxpresso.tools.win32_11.10.0.202311280810/tools/bin/../lib/gcc/arm-none-eabi/13.2.1/../../../../arm-none-eabi/lib/thumb/v8-m.main/nofp\libcr_c.a(__init_alloc.o)
 .debug_abbrev  0x00002987       0xd3 C:/nxp/MCUXpressoIDE_11.10.0_3148/ide/plugins/com.nxp.mcuxpresso.tools.win32_11.10.0.202311280810/tools/bin/../lib/gcc/arm-none-eabi/13.2.1/../../../../arm-none-eabi/lib/thumb/v8-m.main/nofp\libcr_c.a(_cr_sbrk.o)
 .debug_abbrev  0x00002a5a      0x152 C:/nxp/MCUXpressoIDE_11.10.0_3148/ide/plugins/com.nxp.mcuxpresso.tools.win32_11.10.0.202311280810/tools/bin/../lib/gcc/arm-none-eabi/13.2.1/../../../../arm-none-eabi/lib/thumb/v8-m.main/nofp\libcr_c.a(_deferredlazyseek.o)
 .debug_abbrev  0x00002bac      0x119 C:/nxp/MCUXpressoIDE_11.10.0_3148/ide/plugins/com.nxp.mcuxpresso.tools.win32_11.10.0.202311280810/tools/bin/../lib/gcc/arm-none-eabi/13.2.1/../../../../arm-none-eabi/lib/thumb/v8-m.main/nofp\libcr_c.a(_fdopen.o)
 .debug_abbrev  0x00002cc5       0xf1 C:/nxp/MCUXpressoIDE_11.10.0_3148/ide/plugins/com.nxp.mcuxpresso.tools.win32_11.10.0.202311280810/tools/bin/../lib/gcc/arm-none-eabi/13.2.1/../../../../arm-none-eabi/lib/thumb/v8-m.main/nofp\libcr_c.a(_fflush.o)
 .debug_abbrev  0x00002db6      0x126 C:/nxp/MCUXpressoIDE_11.10.0_3148/ide/plugins/com.nxp.mcuxpresso.tools.win32_11.10.0.202311280810/tools/bin/../lib/gcc/arm-none-eabi/13.2.1/../../../../arm-none-eabi/lib/thumb/v8-m.main/nofp\libcr_c.a(_writebuf.o)
 .debug_abbrev  0x00002edc      0x155 C:/nxp/MCUXpressoIDE_11.10.0_3148/ide/plugins/com.nxp.mcuxpresso.tools.win32_11.10.0.202311280810/tools/bin/../lib/gcc/arm-none-eabi/13.2.1/../../../../arm-none-eabi/lib/thumb/v8-m.main/nofp\libcr_c.a(fclose.o)
 .debug_abbrev  0x00003031      0x125 C:/nxp/MCUXpressoIDE_11.10.0_3148/ide/plugins/com.nxp.mcuxpresso.tools.win32_11.10.0.202311280810/tools/bin/../lib/gcc/arm-none-eabi/13.2.1/../../../../arm-none-eabi/lib/thumb/v8-m.main/nofp\libcr_c.a(fflush.o)
 .debug_abbrev  0x00003156      0x11b C:/nxp/MCUXpressoIDE_11.10.0_3148/ide/plugins/com.nxp.mcuxpresso.tools.win32_11.10.0.202311280810/tools/bin/../lib/gcc/arm-none-eabi/13.2.1/../../../../arm-none-eabi/lib/thumb/v8-m.main/nofp\libcr_c.a(fseek.o)
 .debug_abbrev  0x00003271       0xc2 C:/nxp/MCUXpressoIDE_11.10.0_3148/ide/plugins/com.nxp.mcuxpresso.tools.win32_11.10.0.202311280810/tools/bin/../lib/gcc/arm-none-eabi/13.2.1/../../../../arm-none-eabi/lib/thumb/v8-m.main/nofp\libcr_c.a(ftell.o)
 .debug_abbrev  0x00003333       0xfb C:/nxp/MCUXpressoIDE_11.10.0_3148/ide/plugins/com.nxp.mcuxpresso.tools.win32_11.10.0.202311280810/tools/bin/../lib/gcc/arm-none-eabi/13.2.1/../../../../arm-none-eabi/lib/thumb/v8-m.main/nofp\libcr_c.a(remove.o)
 .debug_abbrev  0x0000342e       0x6b C:/nxp/MCUXpressoIDE_11.10.0_3148/ide/plugins/com.nxp.mcuxpresso.tools.win32_11.10.0.202311280810/tools/bin/../lib/gcc/arm-none-eabi/13.2.1/../../../../arm-none-eabi/lib/thumb/v8-m.main/nofp\libcr_c.a(_cr_check_heap.o)
 .debug_abbrev  0x00003499      0x12c C:/nxp/MCUXpressoIDE_11.10.0_3148/ide/plugins/com.nxp.mcuxpresso.tools.win32_11.10.0.202311280810/tools/bin/../lib/gcc/arm-none-eabi/13.2.1/../../../../arm-none-eabi/lib/thumb/v8-m.main/nofp\libcr_c.a(_do_fflush.o)
 .debug_abbrev  0x000035c5       0xb5 C:/nxp/MCUXpressoIDE_11.10.0_3148/ide/plugins/com.nxp.mcuxpresso.tools.win32_11.10.0.202311280810/tools/bin/../lib/gcc/arm-none-eabi/13.2.1/../../../../arm-none-eabi/lib/thumb/v8-m.main/nofp\libcr_semihost_nf.a(__ciob.o)

.debug_aranges  0x00000000      0xcf8
 .debug_aranges
                0x00000000       0x28 ./utilities/fsl_assert.o
 .debug_aranges
                0x00000028      0x268 ./startup/startup_lpc55s69_cm33_core0.o
 .debug_aranges
                0x00000290       0x28 ./source/postlab3_1.o
 .debug_aranges
                0x000002b8       0x20 ./source/semihost_hardfault.o
 .debug_aranges
                0x000002d8      0x228 ./drivers/fsl_clock.o
 .debug_aranges
                0x00000500       0x38 ./drivers/fsl_common_arm.o
 .debug_aranges
                0x00000538       0x90 ./drivers/fsl_flexcomm.o
 .debug_aranges
                0x000005c8       0x58 ./drivers/fsl_inputmux.o
 .debug_aranges
                0x00000620      0x138 ./drivers/fsl_pint.o
 .debug_aranges
                0x00000758       0xc8 ./drivers/fsl_power.o
 .debug_aranges
                0x00000820       0x30 ./drivers/fsl_reset.o
 .debug_aranges
                0x00000850       0x88 ./device/system_LPC55S69_cm33_core0.o
 .debug_aranges
                0x000008d8       0x30 ./board/board.o
 .debug_aranges
                0x00000908       0x50 ./board/clock_config.o
 .debug_aranges
                0x00000958       0x30 ./board/peripherals.o
 .debug_aranges
                0x00000988       0x38 ./board/pin_mux.o
 .debug_aranges
                0x000009c0       0x20 C:/nxp/MCUXpressoIDE_11.10.0_3148/ide/plugins/com.nxp.mcuxpresso.tools.win32_11.10.0.202311280810/tools/bin/../lib/gcc/arm-none-eabi/13.2.1/../../../../arm-none-eabi/lib/thumb/v8-m.main/nofp\libcr_semihost_nf.a(_cr__main.o)
 .debug_aranges
                0x000009e0       0x20 C:/nxp/MCUXpressoIDE_11.10.0_3148/ide/plugins/com.nxp.mcuxpresso.tools.win32_11.10.0.202311280810/tools/bin/../lib/gcc/arm-none-eabi/13.2.1/../../../../arm-none-eabi/lib/thumb/v8-m.main/nofp\libcr_c.a(memset.o)
 .debug_aranges
                0x00000a00       0x40 C:/nxp/MCUXpressoIDE_11.10.0_3148/ide/plugins/com.nxp.mcuxpresso.tools.win32_11.10.0.202311280810/tools/bin/../lib/gcc/arm-none-eabi/13.2.1/../../../../arm-none-eabi/lib/thumb/v8-m.main/nofp\libcr_c.a(alloc.o)
 .debug_aranges
                0x00000a40       0x18 C:/nxp/MCUXpressoIDE_11.10.0_3148/ide/plugins/com.nxp.mcuxpresso.tools.win32_11.10.0.202311280810/tools/bin/../lib/gcc/arm-none-eabi/13.2.1/../../../../arm-none-eabi/lib/thumb/v8-m.main/nofp\libcr_c.a(errno.o)
 .debug_aranges
                0x00000a58       0x28 C:/nxp/MCUXpressoIDE_11.10.0_3148/ide/plugins/com.nxp.mcuxpresso.tools.win32_11.10.0.202311280810/tools/bin/../lib/gcc/arm-none-eabi/13.2.1/../../../../arm-none-eabi/lib/thumb/v8-m.main/nofp\libcr_c.a(initio.o)
 .debug_aranges
                0x00000a80       0x70 C:/nxp/MCUXpressoIDE_11.10.0_3148/ide/plugins/com.nxp.mcuxpresso.tools.win32_11.10.0.202311280810/tools/bin/../lib/gcc/arm-none-eabi/13.2.1/../../../../arm-none-eabi/lib/thumb/v8-m.main/nofp\libcr_c.a(printf.o)
 .debug_aranges
                0x00000af0       0x20 C:/nxp/MCUXpressoIDE_11.10.0_3148/ide/plugins/com.nxp.mcuxpresso.tools.win32_11.10.0.202311280810/tools/bin/../lib/gcc/arm-none-eabi/13.2.1/../../../../arm-none-eabi/lib/thumb/v8-m.main/nofp\libcr_c.a(setvbuf.o)
 .debug_aranges
                0x00000b10       0x20 C:/nxp/MCUXpressoIDE_11.10.0_3148/ide/plugins/com.nxp.mcuxpresso.tools.win32_11.10.0.202311280810/tools/bin/../lib/gcc/arm-none-eabi/13.2.1/../../../../arm-none-eabi/lib/thumb/v8-m.main/nofp\libcr_c.a(strlen.o)
 .debug_aranges
                0x00000b30       0x20 C:/nxp/MCUXpressoIDE_11.10.0_3148/ide/plugins/com.nxp.mcuxpresso.tools.win32_11.10.0.202311280810/tools/bin/../lib/gcc/arm-none-eabi/13.2.1/../../../../arm-none-eabi/lib/thumb/v8-m.main/nofp\libcr_c.a(__init_alloc.o)
 .debug_aranges
                0x00000b50       0x20 C:/nxp/MCUXpressoIDE_11.10.0_3148/ide/plugins/com.nxp.mcuxpresso.tools.win32_11.10.0.202311280810/tools/bin/../lib/gcc/arm-none-eabi/13.2.1/../../../../arm-none-eabi/lib/thumb/v8-m.main/nofp\libcr_c.a(_cr_sbrk.o)
 .debug_aranges
                0x00000b70       0x28 C:/nxp/MCUXpressoIDE_11.10.0_3148/ide/plugins/com.nxp.mcuxpresso.tools.win32_11.10.0.202311280810/tools/bin/../lib/gcc/arm-none-eabi/13.2.1/../../../../arm-none-eabi/lib/thumb/v8-m.main/nofp\libcr_c.a(_deferredlazyseek.o)
 .debug_aranges
                0x00000b98       0x20 C:/nxp/MCUXpressoIDE_11.10.0_3148/ide/plugins/com.nxp.mcuxpresso.tools.win32_11.10.0.202311280810/tools/bin/../lib/gcc/arm-none-eabi/13.2.1/../../../../arm-none-eabi/lib/thumb/v8-m.main/nofp\libcr_c.a(_fdopen.o)
 .debug_aranges
                0x00000bb8       0x20 C:/nxp/MCUXpressoIDE_11.10.0_3148/ide/plugins/com.nxp.mcuxpresso.tools.win32_11.10.0.202311280810/tools/bin/../lib/gcc/arm-none-eabi/13.2.1/../../../../arm-none-eabi/lib/thumb/v8-m.main/nofp\libcr_c.a(_fflush.o)
 .debug_aranges
                0x00000bd8       0x20 C:/nxp/MCUXpressoIDE_11.10.0_3148/ide/plugins/com.nxp.mcuxpresso.tools.win32_11.10.0.202311280810/tools/bin/../lib/gcc/arm-none-eabi/13.2.1/../../../../arm-none-eabi/lib/thumb/v8-m.main/nofp\libcr_c.a(_writebuf.o)
 .debug_aranges
                0x00000bf8       0x20 C:/nxp/MCUXpressoIDE_11.10.0_3148/ide/plugins/com.nxp.mcuxpresso.tools.win32_11.10.0.202311280810/tools/bin/../lib/gcc/arm-none-eabi/13.2.1/../../../../arm-none-eabi/lib/thumb/v8-m.main/nofp\libcr_c.a(fclose.o)
 .debug_aranges
                0x00000c18       0x20 C:/nxp/MCUXpressoIDE_11.10.0_3148/ide/plugins/com.nxp.mcuxpresso.tools.win32_11.10.0.202311280810/tools/bin/../lib/gcc/arm-none-eabi/13.2.1/../../../../arm-none-eabi/lib/thumb/v8-m.main/nofp\libcr_c.a(fflush.o)
 .debug_aranges
                0x00000c38       0x20 C:/nxp/MCUXpressoIDE_11.10.0_3148/ide/plugins/com.nxp.mcuxpresso.tools.win32_11.10.0.202311280810/tools/bin/../lib/gcc/arm-none-eabi/13.2.1/../../../../arm-none-eabi/lib/thumb/v8-m.main/nofp\libcr_c.a(fseek.o)
 .debug_aranges
                0x00000c58       0x20 C:/nxp/MCUXpressoIDE_11.10.0_3148/ide/plugins/com.nxp.mcuxpresso.tools.win32_11.10.0.202311280810/tools/bin/../lib/gcc/arm-none-eabi/13.2.1/../../../../arm-none-eabi/lib/thumb/v8-m.main/nofp\libcr_c.a(ftell.o)
 .debug_aranges
                0x00000c78       0x28 C:/nxp/MCUXpressoIDE_11.10.0_3148/ide/plugins/com.nxp.mcuxpresso.tools.win32_11.10.0.202311280810/tools/bin/../lib/gcc/arm-none-eabi/13.2.1/../../../../arm-none-eabi/lib/thumb/v8-m.main/nofp\libcr_c.a(remove.o)
 .debug_aranges
                0x00000ca0       0x20 C:/nxp/MCUXpressoIDE_11.10.0_3148/ide/plugins/com.nxp.mcuxpresso.tools.win32_11.10.0.202311280810/tools/bin/../lib/gcc/arm-none-eabi/13.2.1/../../../../arm-none-eabi/lib/thumb/v8-m.main/nofp\libcr_c.a(_cr_check_heap.o)
 .debug_aranges
                0x00000cc0       0x20 C:/nxp/MCUXpressoIDE_11.10.0_3148/ide/plugins/com.nxp.mcuxpresso.tools.win32_11.10.0.202311280810/tools/bin/../lib/gcc/arm-none-eabi/13.2.1/../../../../arm-none-eabi/lib/thumb/v8-m.main/nofp\libcr_c.a(_do_fflush.o)
 .debug_aranges
                0x00000ce0       0x18 C:/nxp/MCUXpressoIDE_11.10.0_3148/ide/plugins/com.nxp.mcuxpresso.tools.win32_11.10.0.202311280810/tools/bin/../lib/gcc/arm-none-eabi/13.2.1/../../../../arm-none-eabi/lib/thumb/v8-m.main/nofp\libcr_semihost_nf.a(__ciob.o)

.debug_ranges   0x00000000      0xcd0
 .debug_ranges  0x00000000       0x18 ./utilities/fsl_assert.o
 .debug_ranges  0x00000018      0x258 ./startup/startup_lpc55s69_cm33_core0.o
 .debug_ranges  0x00000270       0x18 ./source/postlab3_1.o
 .debug_ranges  0x00000288       0x10 ./source/semihost_hardfault.o
 .debug_ranges  0x00000298      0x218 ./drivers/fsl_clock.o
 .debug_ranges  0x000004b0       0x28 ./drivers/fsl_common_arm.o
 .debug_ranges  0x000004d8       0x80 ./drivers/fsl_flexcomm.o
 .debug_ranges  0x00000558       0x48 ./drivers/fsl_inputmux.o
 .debug_ranges  0x000005a0      0x128 ./drivers/fsl_pint.o
 .debug_ranges  0x000006c8       0xb8 ./drivers/fsl_power.o
 .debug_ranges  0x00000780       0x20 ./drivers/fsl_reset.o
 .debug_ranges  0x000007a0       0x78 ./device/system_LPC55S69_cm33_core0.o
 .debug_ranges  0x00000818       0x20 ./board/board.o
 .debug_ranges  0x00000838       0x40 ./board/clock_config.o
 .debug_ranges  0x00000878       0x20 ./board/peripherals.o
 .debug_ranges  0x00000898       0x28 ./board/pin_mux.o
 .debug_ranges  0x000008c0       0x10 C:/nxp/MCUXpressoIDE_11.10.0_3148/ide/plugins/com.nxp.mcuxpresso.tools.win32_11.10.0.202311280810/tools/bin/../lib/gcc/arm-none-eabi/13.2.1/../../../../arm-none-eabi/lib/thumb/v8-m.main/nofp\libcr_semihost_nf.a(_cr__main.o)
 .debug_ranges  0x000008d0       0x10 C:/nxp/MCUXpressoIDE_11.10.0_3148/ide/plugins/com.nxp.mcuxpresso.tools.win32_11.10.0.202311280810/tools/bin/../lib/gcc/arm-none-eabi/13.2.1/../../../../arm-none-eabi/lib/thumb/v8-m.main/nofp\libcr_c.a(memset.o)
 .debug_ranges  0x000008e0       0x48 C:/nxp/MCUXpressoIDE_11.10.0_3148/ide/plugins/com.nxp.mcuxpresso.tools.win32_11.10.0.202311280810/tools/bin/../lib/gcc/arm-none-eabi/13.2.1/../../../../arm-none-eabi/lib/thumb/v8-m.main/nofp\libcr_c.a(alloc.o)
 .debug_ranges  0x00000928       0x18 C:/nxp/MCUXpressoIDE_11.10.0_3148/ide/plugins/com.nxp.mcuxpresso.tools.win32_11.10.0.202311280810/tools/bin/../lib/gcc/arm-none-eabi/13.2.1/../../../../arm-none-eabi/lib/thumb/v8-m.main/nofp\libcr_c.a(initio.o)
 .debug_ranges  0x00000940      0x248 C:/nxp/MCUXpressoIDE_11.10.0_3148/ide/plugins/com.nxp.mcuxpresso.tools.win32_11.10.0.202311280810/tools/bin/../lib/gcc/arm-none-eabi/13.2.1/../../../../arm-none-eabi/lib/thumb/v8-m.main/nofp\libcr_c.a(printf.o)
 .debug_ranges  0x00000b88       0x10 C:/nxp/MCUXpressoIDE_11.10.0_3148/ide/plugins/com.nxp.mcuxpresso.tools.win32_11.10.0.202311280810/tools/bin/../lib/gcc/arm-none-eabi/13.2.1/../../../../arm-none-eabi/lib/thumb/v8-m.main/nofp\libcr_c.a(setvbuf.o)
 .debug_ranges  0x00000b98       0x10 C:/nxp/MCUXpressoIDE_11.10.0_3148/ide/plugins/com.nxp.mcuxpresso.tools.win32_11.10.0.202311280810/tools/bin/../lib/gcc/arm-none-eabi/13.2.1/../../../../arm-none-eabi/lib/thumb/v8-m.main/nofp\libcr_c.a(strlen.o)
 .debug_ranges  0x00000ba8       0x10 C:/nxp/MCUXpressoIDE_11.10.0_3148/ide/plugins/com.nxp.mcuxpresso.tools.win32_11.10.0.202311280810/tools/bin/../lib/gcc/arm-none-eabi/13.2.1/../../../../arm-none-eabi/lib/thumb/v8-m.main/nofp\libcr_c.a(__init_alloc.o)
 .debug_ranges  0x00000bb8       0x10 C:/nxp/MCUXpressoIDE_11.10.0_3148/ide/plugins/com.nxp.mcuxpresso.tools.win32_11.10.0.202311280810/tools/bin/../lib/gcc/arm-none-eabi/13.2.1/../../../../arm-none-eabi/lib/thumb/v8-m.main/nofp\libcr_c.a(_cr_sbrk.o)
 .debug_ranges  0x00000bc8       0x30 C:/nxp/MCUXpressoIDE_11.10.0_3148/ide/plugins/com.nxp.mcuxpresso.tools.win32_11.10.0.202311280810/tools/bin/../lib/gcc/arm-none-eabi/13.2.1/../../../../arm-none-eabi/lib/thumb/v8-m.main/nofp\libcr_c.a(_deferredlazyseek.o)
 .debug_ranges  0x00000bf8       0x10 C:/nxp/MCUXpressoIDE_11.10.0_3148/ide/plugins/com.nxp.mcuxpresso.tools.win32_11.10.0.202311280810/tools/bin/../lib/gcc/arm-none-eabi/13.2.1/../../../../arm-none-eabi/lib/thumb/v8-m.main/nofp\libcr_c.a(_fdopen.o)
 .debug_ranges  0x00000c08       0x10 C:/nxp/MCUXpressoIDE_11.10.0_3148/ide/plugins/com.nxp.mcuxpresso.tools.win32_11.10.0.202311280810/tools/bin/../lib/gcc/arm-none-eabi/13.2.1/../../../../arm-none-eabi/lib/thumb/v8-m.main/nofp\libcr_c.a(_fflush.o)
 .debug_ranges  0x00000c18       0x10 C:/nxp/MCUXpressoIDE_11.10.0_3148/ide/plugins/com.nxp.mcuxpresso.tools.win32_11.10.0.202311280810/tools/bin/../lib/gcc/arm-none-eabi/13.2.1/../../../../arm-none-eabi/lib/thumb/v8-m.main/nofp\libcr_c.a(_writebuf.o)
 .debug_ranges  0x00000c28       0x10 C:/nxp/MCUXpressoIDE_11.10.0_3148/ide/plugins/com.nxp.mcuxpresso.tools.win32_11.10.0.202311280810/tools/bin/../lib/gcc/arm-none-eabi/13.2.1/../../../../arm-none-eabi/lib/thumb/v8-m.main/nofp\libcr_c.a(fclose.o)
 .debug_ranges  0x00000c38       0x28 C:/nxp/MCUXpressoIDE_11.10.0_3148/ide/plugins/com.nxp.mcuxpresso.tools.win32_11.10.0.202311280810/tools/bin/../lib/gcc/arm-none-eabi/13.2.1/../../../../arm-none-eabi/lib/thumb/v8-m.main/nofp\libcr_c.a(fflush.o)
 .debug_ranges  0x00000c60       0x10 C:/nxp/MCUXpressoIDE_11.10.0_3148/ide/plugins/com.nxp.mcuxpresso.tools.win32_11.10.0.202311280810/tools/bin/../lib/gcc/arm-none-eabi/13.2.1/../../../../arm-none-eabi/lib/thumb/v8-m.main/nofp\libcr_c.a(fseek.o)
 .debug_ranges  0x00000c70       0x10 C:/nxp/MCUXpressoIDE_11.10.0_3148/ide/plugins/com.nxp.mcuxpresso.tools.win32_11.10.0.202311280810/tools/bin/../lib/gcc/arm-none-eabi/13.2.1/../../../../arm-none-eabi/lib/thumb/v8-m.main/nofp\libcr_c.a(ftell.o)
 .debug_ranges  0x00000c80       0x18 C:/nxp/MCUXpressoIDE_11.10.0_3148/ide/plugins/com.nxp.mcuxpresso.tools.win32_11.10.0.202311280810/tools/bin/../lib/gcc/arm-none-eabi/13.2.1/../../../../arm-none-eabi/lib/thumb/v8-m.main/nofp\libcr_c.a(remove.o)
 .debug_ranges  0x00000c98       0x10 C:/nxp/MCUXpressoIDE_11.10.0_3148/ide/plugins/com.nxp.mcuxpresso.tools.win32_11.10.0.202311280810/tools/bin/../lib/gcc/arm-none-eabi/13.2.1/../../../../arm-none-eabi/lib/thumb/v8-m.main/nofp\libcr_c.a(_cr_check_heap.o)
 .debug_ranges  0x00000ca8       0x28 C:/nxp/MCUXpressoIDE_11.10.0_3148/ide/plugins/com.nxp.mcuxpresso.tools.win32_11.10.0.202311280810/tools/bin/../lib/gcc/arm-none-eabi/13.2.1/../../../../arm-none-eabi/lib/thumb/v8-m.main/nofp\libcr_c.a(_do_fflush.o)

.debug_macro    0x00000000    0x179b0
 .debug_macro   0x00000000      0x18d ./utilities/fsl_assert.o
 .debug_macro   0x0000018d      0xb0e ./utilities/fsl_assert.o
 .debug_macro   0x00000c9b       0x10 ./utilities/fsl_assert.o
 .debug_macro   0x00000cab       0x1c ./utilities/fsl_assert.o
 .debug_macro   0x00000cc7       0x22 ./utilities/fsl_assert.o
 .debug_macro   0x00000ce9      0x12e ./utilities/fsl_assert.o
 .debug_macro   0x00000e17      0x5b3 ./utilities/fsl_assert.o
 .debug_macro   0x000013ca       0x22 ./utilities/fsl_assert.o
 .debug_macro   0x000013ec       0x10 ./utilities/fsl_assert.o
 .debug_macro   0x000013fc       0x46 ./utilities/fsl_assert.o
 .debug_macro   0x00001442       0x1c ./utilities/fsl_assert.o
 .debug_macro   0x0000145e       0x2a ./utilities/fsl_assert.o
 .debug_macro   0x00001488       0xfb ./utilities/fsl_assert.o
 .debug_macro   0x00001583     0x1685 ./utilities/fsl_assert.o
 .debug_macro   0x00002c08       0x5e ./utilities/fsl_assert.o
 .debug_macro   0x00002c66       0x2e ./utilities/fsl_assert.o
 .debug_macro   0x00002c94    0x116e8 ./utilities/fsl_assert.o
 .debug_macro   0x0001437c      0x4f1 ./utilities/fsl_assert.o
 .debug_macro   0x0001486d       0x88 ./utilities/fsl_assert.o
 .debug_macro   0x000148f5       0xaf ./utilities/fsl_assert.o
 .debug_macro   0x000149a4      0x2ca ./utilities/fsl_assert.o
 .debug_macro   0x00014c6e       0x16 ./utilities/fsl_assert.o
 .debug_macro   0x00014c84      0x11f ./utilities/fsl_assert.o
 .debug_macro   0x00014da3       0x70 ./utilities/fsl_assert.o
 .debug_macro   0x00014e13       0x47 ./utilities/fsl_assert.o
 .debug_macro   0x00014e5a       0x16 ./utilities/fsl_assert.o
 .debug_macro   0x00014e70       0x6d ./utilities/fsl_assert.o
 .debug_macro   0x00014edd       0x16 ./utilities/fsl_assert.o
 .debug_macro   0x00014ef3       0xd2 ./utilities/fsl_assert.o
 .debug_macro   0x00014fc5       0x1c ./utilities/fsl_assert.o
 .debug_macro   0x00014fe1       0x29 ./startup/startup_lpc55s69_cm33_core0.o
 .debug_macro   0x0001500a      0x1d7 ./source/postlab3_1.o
 .debug_macro   0x000151e1       0xd8 ./source/postlab3_1.o
 .debug_macro   0x000152b9      0x4a0 ./source/postlab3_1.o
 .debug_macro   0x00015759       0x10 ./source/postlab3_1.o
 .debug_macro   0x00015769       0xfe ./source/postlab3_1.o
 .debug_macro   0x00015867      0x1f0 ./source/postlab3_1.o
 .debug_macro   0x00015a57       0x64 ./source/postlab3_1.o
 .debug_macro   0x00015abb       0x16 ./source/postlab3_1.o
 .debug_macro   0x00015ad1       0x2e ./source/postlab3_1.o
 .debug_macro   0x00015aff       0x2e ./source/postlab3_1.o
 .debug_macro   0x00015b2d       0x11 ./source/semihost_hardfault.o
 .debug_macro   0x00015b3e      0x1db ./drivers/fsl_clock.o
 .debug_macro   0x00015d19      0x304 ./drivers/fsl_clock.o
 .debug_macro   0x0001601d      0x13c ./drivers/fsl_common_arm.o
 .debug_macro   0x00016159      0x145 ./drivers/fsl_flexcomm.o
 .debug_macro   0x0001629e       0x10 ./drivers/fsl_flexcomm.o
 .debug_macro   0x000162ae      0x155 ./drivers/fsl_inputmux.o
 .debug_macro   0x00016403       0x8e ./drivers/fsl_inputmux.o
 .debug_macro   0x00016491      0x157 ./drivers/fsl_pint.o
 .debug_macro   0x000165e8       0x5e ./drivers/fsl_pint.o
 .debug_macro   0x00016646      0x410 ./drivers/fsl_power.o
 .debug_macro   0x00016a56      0x13c ./drivers/fsl_reset.o
 .debug_macro   0x00016b92       0xc1 ./device/system_LPC55S69_cm33_core0.o
 .debug_macro   0x00016c53      0x1b7 ./board/board.o
 .debug_macro   0x00016e0a      0x4a6 ./board/board.o
 .debug_macro   0x000172b0      0x15c ./board/clock_config.o
 .debug_macro   0x0001740c      0x2fe ./board/clock_config.o
 .debug_macro   0x0001770a      0x14e ./board/peripherals.o
 .debug_macro   0x00017858      0x158 ./board/pin_mux.o

.debug_line     0x00000000     0x9d98
 .debug_line    0x00000000      0x527 ./utilities/fsl_assert.o
 .debug_line    0x00000527      0x794 ./startup/startup_lpc55s69_cm33_core0.o
 .debug_line    0x00000cbb      0x61c ./source/postlab3_1.o
 .debug_line    0x000012d7       0x59 ./source/semihost_hardfault.o
 .debug_line    0x00001330     0x17d0 ./drivers/fsl_clock.o
 .debug_line    0x00002b00      0x3f8 ./drivers/fsl_common_arm.o
 .debug_line    0x00002ef8      0x62b ./drivers/fsl_flexcomm.o
 .debug_line    0x00003523      0x4e1 ./drivers/fsl_inputmux.o
 .debug_line    0x00003a04      0xd9d ./drivers/fsl_pint.o
 .debug_line    0x000047a1      0xf09 ./drivers/fsl_power.o
 .debug_line    0x000056aa      0x3fc ./drivers/fsl_reset.o
 .debug_line    0x00005aa6      0x6c1 ./device/system_LPC55S69_cm33_core0.o
 .debug_line    0x00006167      0x5b8 ./board/board.o
 .debug_line    0x0000671f      0x4f1 ./board/clock_config.o
 .debug_line    0x00006c10      0x40c ./board/peripherals.o
 .debug_line    0x0000701c      0x4a3 ./board/pin_mux.o
 .debug_line    0x000074bf       0xc4 C:/nxp/MCUXpressoIDE_11.10.0_3148/ide/plugins/com.nxp.mcuxpresso.tools.win32_11.10.0.202311280810/tools/bin/../lib/gcc/arm-none-eabi/13.2.1/../../../../arm-none-eabi/lib/thumb/v8-m.main/nofp\libcr_semihost_nf.a(_cr__main.o)
 .debug_line    0x00007583       0x7b C:/nxp/MCUXpressoIDE_11.10.0_3148/ide/plugins/com.nxp.mcuxpresso.tools.win32_11.10.0.202311280810/tools/bin/../lib/gcc/arm-none-eabi/13.2.1/../../../../arm-none-eabi/lib/thumb/v8-m.main/nofp\libcr_c.a(memset.o)
 .debug_line    0x000075fe      0x37d C:/nxp/MCUXpressoIDE_11.10.0_3148/ide/plugins/com.nxp.mcuxpresso.tools.win32_11.10.0.202311280810/tools/bin/../lib/gcc/arm-none-eabi/13.2.1/../../../../arm-none-eabi/lib/thumb/v8-m.main/nofp\libcr_c.a(alloc.o)
 .debug_line    0x0000797b       0x4e C:/nxp/MCUXpressoIDE_11.10.0_3148/ide/plugins/com.nxp.mcuxpresso.tools.win32_11.10.0.202311280810/tools/bin/../lib/gcc/arm-none-eabi/13.2.1/../../../../arm-none-eabi/lib/thumb/v8-m.main/nofp\libcr_c.a(errno.o)
 .debug_line    0x000079c9      0x149 C:/nxp/MCUXpressoIDE_11.10.0_3148/ide/plugins/com.nxp.mcuxpresso.tools.win32_11.10.0.202311280810/tools/bin/../lib/gcc/arm-none-eabi/13.2.1/../../../../arm-none-eabi/lib/thumb/v8-m.main/nofp\libcr_c.a(initio.o)
 .debug_line    0x00007b12     0x108d C:/nxp/MCUXpressoIDE_11.10.0_3148/ide/plugins/com.nxp.mcuxpresso.tools.win32_11.10.0.202311280810/tools/bin/../lib/gcc/arm-none-eabi/13.2.1/../../../../arm-none-eabi/lib/thumb/v8-m.main/nofp\libcr_c.a(printf.o)
 .debug_line    0x00008b9f       0xec C:/nxp/MCUXpressoIDE_11.10.0_3148/ide/plugins/com.nxp.mcuxpresso.tools.win32_11.10.0.202311280810/tools/bin/../lib/gcc/arm-none-eabi/13.2.1/../../../../arm-none-eabi/lib/thumb/v8-m.main/nofp\libcr_c.a(setvbuf.o)
 .debug_line    0x00008c8b      0x109 C:/nxp/MCUXpressoIDE_11.10.0_3148/ide/plugins/com.nxp.mcuxpresso.tools.win32_11.10.0.202311280810/tools/bin/../lib/gcc/arm-none-eabi/13.2.1/../../../../arm-none-eabi/lib/thumb/v8-m.main/nofp\libcr_c.a(strlen.o)
 .debug_line    0x00008d94       0x59 C:/nxp/MCUXpressoIDE_11.10.0_3148/ide/plugins/com.nxp.mcuxpresso.tools.win32_11.10.0.202311280810/tools/bin/../lib/gcc/arm-none-eabi/13.2.1/../../../../arm-none-eabi/lib/thumb/v8-m.main/nofp\libcr_c.a(__init_alloc.o)
 .debug_line    0x00008ded       0xfb C:/nxp/MCUXpressoIDE_11.10.0_3148/ide/plugins/com.nxp.mcuxpresso.tools.win32_11.10.0.202311280810/tools/bin/../lib/gcc/arm-none-eabi/13.2.1/../../../../arm-none-eabi/lib/thumb/v8-m.main/nofp\libcr_c.a(_cr_sbrk.o)
 .debug_line    0x00008ee8      0x2e9 C:/nxp/MCUXpressoIDE_11.10.0_3148/ide/plugins/com.nxp.mcuxpresso.tools.win32_11.10.0.202311280810/tools/bin/../lib/gcc/arm-none-eabi/13.2.1/../../../../arm-none-eabi/lib/thumb/v8-m.main/nofp\libcr_c.a(_deferredlazyseek.o)
 .debug_line    0x000091d1      0x11c C:/nxp/MCUXpressoIDE_11.10.0_3148/ide/plugins/com.nxp.mcuxpresso.tools.win32_11.10.0.202311280810/tools/bin/../lib/gcc/arm-none-eabi/13.2.1/../../../../arm-none-eabi/lib/thumb/v8-m.main/nofp\libcr_c.a(_fdopen.o)
 .debug_line    0x000092ed      0x11f C:/nxp/MCUXpressoIDE_11.10.0_3148/ide/plugins/com.nxp.mcuxpresso.tools.win32_11.10.0.202311280810/tools/bin/../lib/gcc/arm-none-eabi/13.2.1/../../../../arm-none-eabi/lib/thumb/v8-m.main/nofp\libcr_c.a(_fflush.o)
 .debug_line    0x0000940c      0x12d C:/nxp/MCUXpressoIDE_11.10.0_3148/ide/plugins/com.nxp.mcuxpresso.tools.win32_11.10.0.202311280810/tools/bin/../lib/gcc/arm-none-eabi/13.2.1/../../../../arm-none-eabi/lib/thumb/v8-m.main/nofp\libcr_c.a(_writebuf.o)
 .debug_line    0x00009539      0x10f C:/nxp/MCUXpressoIDE_11.10.0_3148/ide/plugins/com.nxp.mcuxpresso.tools.win32_11.10.0.202311280810/tools/bin/../lib/gcc/arm-none-eabi/13.2.1/../../../../arm-none-eabi/lib/thumb/v8-m.main/nofp\libcr_c.a(fclose.o)
 .debug_line    0x00009648       0xe1 C:/nxp/MCUXpressoIDE_11.10.0_3148/ide/plugins/com.nxp.mcuxpresso.tools.win32_11.10.0.202311280810/tools/bin/../lib/gcc/arm-none-eabi/13.2.1/../../../../arm-none-eabi/lib/thumb/v8-m.main/nofp\libcr_c.a(fflush.o)
 .debug_line    0x00009729      0x232 C:/nxp/MCUXpressoIDE_11.10.0_3148/ide/plugins/com.nxp.mcuxpresso.tools.win32_11.10.0.202311280810/tools/bin/../lib/gcc/arm-none-eabi/13.2.1/../../../../arm-none-eabi/lib/thumb/v8-m.main/nofp\libcr_c.a(fseek.o)
 .debug_line    0x0000995b      0x10a C:/nxp/MCUXpressoIDE_11.10.0_3148/ide/plugins/com.nxp.mcuxpresso.tools.win32_11.10.0.202311280810/tools/bin/../lib/gcc/arm-none-eabi/13.2.1/../../../../arm-none-eabi/lib/thumb/v8-m.main/nofp\libcr_c.a(ftell.o)
 .debug_line    0x00009a65       0xec C:/nxp/MCUXpressoIDE_11.10.0_3148/ide/plugins/com.nxp.mcuxpresso.tools.win32_11.10.0.202311280810/tools/bin/../lib/gcc/arm-none-eabi/13.2.1/../../../../arm-none-eabi/lib/thumb/v8-m.main/nofp\libcr_c.a(remove.o)
 .debug_line    0x00009b51       0x61 C:/nxp/MCUXpressoIDE_11.10.0_3148/ide/plugins/com.nxp.mcuxpresso.tools.win32_11.10.0.202311280810/tools/bin/../lib/gcc/arm-none-eabi/13.2.1/../../../../arm-none-eabi/lib/thumb/v8-m.main/nofp\libcr_c.a(_cr_check_heap.o)
 .debug_line    0x00009bb2       0xfc C:/nxp/MCUXpressoIDE_11.10.0_3148/ide/plugins/com.nxp.mcuxpresso.tools.win32_11.10.0.202311280810/tools/bin/../lib/gcc/arm-none-eabi/13.2.1/../../../../arm-none-eabi/lib/thumb/v8-m.main/nofp\libcr_c.a(_do_fflush.o)
 .debug_line    0x00009cae       0xea C:/nxp/MCUXpressoIDE_11.10.0_3148/ide/plugins/com.nxp.mcuxpresso.tools.win32_11.10.0.202311280810/tools/bin/../lib/gcc/arm-none-eabi/13.2.1/../../../../arm-none-eabi/lib/thumb/v8-m.main/nofp\libcr_semihost_nf.a(__ciob.o)

.debug_str      0x00000000    0xc5014
 .debug_str     0x00000000    0xc5014 ./utilities/fsl_assert.o
                              0xb428e (size before relaxing)