23:43:41 **** Incremental Build of configuration Debug for project LPC55S69_Projectomg ****
make -r -j16 all 
Building target: LPC55S69_Projectomg.axf
Invoking: MCU Linker
arm-none-eabi-gcc -nostdlib -Xlinker -Map="LPC55S69_Projectomg.map" -Xlinker --gc-sections -Xlinker -print-memory-usage -Xlinker --sort-section=alignment -Xlinker --cref -mcpu=cortex-m33 -mfpu=fpv5-sp-d16 -mfloat-abi=hard -mthumb -T LPC55S69_Projectomg_Debug.ld -o "LPC55S69_Projectomg.axf" ./utilities/fsl_assert.o ./utilities/fsl_debug_console.o ./utilities/fsl_str.o  ./startup/boot_multicore_slave.o ./startup/startup_lpc55s69_cm33_core0.o  ./source/LPC55S69_Projectomg.o ./source/semihost_hardfault.o  ./drivers/fsl_clock.o ./drivers/fsl_common.o ./drivers/fsl_common_arm.o ./drivers/fsl_flexcomm.o ./drivers/fsl_gpio.o ./drivers/fsl_i2c.o ./drivers/fsl_inputmux.o ./drivers/fsl_pint.o ./drivers/fsl_power.o ./drivers/fsl_reset.o ./drivers/fsl_usart.o  ./device/system_LPC55S69_cm33_core0.o  ./component/uart/fsl_adapter_usart.o  ./component/serial_manager/fsl_component_serial_manager.o ./component/serial_manager/fsl_component_serial_port_uart.o  ./component/lists/fsl_component_generic_list.o  ./board/board.o ./board/clock_config.o ./board/peripherals.o ./board/pin_mux.o   
Memory region         Used Size  Region Size  %age Used
   PROGRAM_FLASH:       14444 B       630 KB      2.24%
            SRAM:        8512 B       256 KB      3.25%
           SRAMX:          0 GB        32 KB      0.00%
         USB_RAM:          0 GB        16 KB      0.00%
           SRAM4:          0 GB        16 KB      0.00%
Finished building target: LPC55S69_Projectomg.axf
 
Performing post-build steps
arm-none-eabi-size "LPC55S69_Projectomg.axf"; # arm-none-eabi-objcopy -v -O binary "LPC55S69_Projectomg.axf" "LPC55S69_Projectomg.bin" ; # checksum -p LPC55S69 -d "LPC55S69_Projectomg.bin";
   text	   data	    bss	    dec	    hex	filename
  14436	      8	   8504	  22948	   59a4	LPC55S69_Projectomg.axf
 

23:43:42 Build Finished. 0 errors, 0 warnings. (took 1s.588ms)

