23:43:43 **** Build of configuration Debug for project postlab3_1 ****
make -r -j16 all 
Building target: postlab3_1.axf
Invoking: MCU Linker
arm-none-eabi-gcc -nostdlib -Xlinker -Map="postlab3_1.map" -Xlinker --gc-sections -Xlinker -print-memory-usage -Xlinker --sort-section=alignment -Xlinker --cref -mcpu=cortex-m33 -mthumb -T postlab3_1_Debug.ld -o "postlab3_1.axf" ./utilities/fsl_assert.o ./utilities/fsl_debug_console.o ./utilities/fsl_str.o  ./startup/boot_multicore_slave.o ./startup/startup_lpc55s69_cm33_core0.o  ./source/postlab3_1.o ./source/semihost_hardfault.o  ./drivers/fsl_clock.o ./drivers/fsl_common.o ./drivers/fsl_common_arm.o ./drivers/fsl_flexcomm.o ./drivers/fsl_gpio.o ./drivers/fsl_i2c.o ./drivers/fsl_inputmux.o ./drivers/fsl_pint.o ./drivers/fsl_power.o ./drivers/fsl_reset.o ./drivers/fsl_usart.o  ./device/system_LPC55S69_cm33_core0.o  ./component/uart/fsl_adapter_usart.o  ./component/serial_manager/fsl_component_serial_manager.o ./component/serial_manager/fsl_component_serial_port_uart.o  ./component/lists/fsl_component_generic_list.o  ./board/board.o ./board/clock_config.o ./board/peripherals.o ./board/pin_mux.o   
Memory region         Used Size  Region Size  %age Used
   PROGRAM_FLASH:       14192 B       630 KB      2.20%
            SRAM:        8508 B       256 KB      3.25%
           SRAMX:          0 GB        32 KB      0.00%
         USB_RAM:          0 GB        16 KB      0.00%
           SRAM4:          0 GB        16 KB      0.00%
Finished building target: postlab3_1.axf
 
Performing post-build steps
arm-none-eabi-size "postlab3_1.axf"; # arm-none-eabi-objcopy -v -O binary "postlab3_1.axf" "postlab3_1.bin" ; # checksum -p LPC55S69 -d "postlab3_1.bin";
   text	   data	    bss	    dec	    hex	filename
  14184	      8	   8500	  22692	   58a4	postlab3_1.axf
 

23:43:44 Build Finished. 0 errors, 0 warnings. (took 555ms)

